
> yapil-astro@0.0.1 build
> astro build

21:50:18 [content] Syncing content
21:50:18 [content] Synced content
21:50:18 [types] Generated 922ms
21:50:18 [build] output: "static"
21:50:18 [build] mode: "server"
21:50:18 [build] directory: /Users/vladislavrosinsskiy/Desktop/Yapil/dist/
21:50:18 [build] adapter: @astrojs/vercel
21:50:18 [build] Collecting build info...
21:50:18 [build] ✓ Completed in 1.22s.
21:50:19 [build] Building server entrypoints...
21:50:21 [WARN] [vite] [lightningcss minify] 'global' is not recognized as a valid pseudo-class. Did you mean '::global' (pseudo-element) or is this a typo?
563 |  }
564 |  
565 |  .contacts-grid[data-astro-cid-xd5echp7]:has(:global(.submit-button):hover:not(:disabled)) .contacts-cover[data-astro-...
    |                                                      ^
566 |    transform: scale(.99) translateY(-2px);
567 |    opacity: .92;
21:50:21 [WARN] [vite] [lightningcss minify] 'global' is not recognized as a valid pseudo-class. Did you mean '::global' (pseudo-element) or is this a typo?
563 |  }
564 |  
565 |  ...echp7], .contacts-grid[data-astro-cid-xd5echp7]:has(:global(.submit-button):focus-visible:not(:disabled)) .contact...
    |                                                                 ^
566 |    transform: scale(.99) translateY(-2px);
567 |    opacity: .92;
21:50:21 [WARN] [vite] [plugin vite-plugin-sanity-studio-chunk-warning] Some chunks are larger than 500 kB after minification. Consider:
- chunks/_astro_data-layer-content_DCmXDBuU.mjs
- chunks/index_BAOyeELo.mjs
- Using dynamic import() to code-split the application
- Use build.rollupOptions.output.manualChunks to improve chunking: https://rollupjs.org/configuration-options/#output-manualchunks
- Adjust chunk size limit for this warning via build.chunkSizeWarningLimit.
21:50:22 [vite] ✓ built in 3.09s
21:50:22 [vite] ✓ built in 249ms
21:50:25 [vite] ✓ built in 2.46s

 prerendering static routes 
21:50:26   ├─ /404.html (+127ms) 
21:50:26   ├─ /500.html (+12ms) 
21:50:26   ├─ /admin/index.html (+2ms) 
21:50:26   ├─ /ads/landing/index.html (+9ms) 
21:50:26   ├─ /ads/corporate-site/index.html (+3ms) 
21:50:26   ├─ /ads/online-store/index.html (+3ms) 
21:50:26   ├─ /ads/index.html (+0ms) (file not created, response body was empty)
21:50:26   ├─ /ai-web-development/index.html (+5ms) 
21:50:26   ├─ /archive/shanding/index.html21:50:26 [WARN] [build] Skipping src/pages/archive/shanding/index.astro because a file with the same name exists in the public folder: archive/shanding/index.html
 (+6ms) (file not created, response body was empty)
21:50:26   ├─ /articles/brandbook-guide/index.html (+3ms) 
21:50:26   ├─ /articles/how-to-identity-brand-platform-check/index.html (+2ms) 
21:50:26   ├─ /articles/how-to-identity-brand-platform-design/index.html (+2ms) 
21:50:26   ├─ /articles/how-to-identity-brand-platform-improve/index.html (+2ms) 
21:50:26   ├─ /articles/how-to-identity-brand-platform-prepare/index.html (+1ms) 
21:50:26   ├─ /articles/how-to-identity-brand-platform-update/index.html (+1ms) 
21:50:26   ├─ /articles/how-to-identity-brand-templates-check/index.html (+1ms) 
21:50:26   ├─ /articles/how-to-identity-brand-templates-design/index.html (+1ms) 
21:50:26   ├─ /articles/how-to-identity-brand-templates-improve/index.html (+1ms) 
21:50:26   ├─ /articles/how-to-identity-brand-templates-prepare/index.html (+1ms) 
21:50:26   ├─ /articles/how-to-identity-brand-templates-update/index.html (+2ms) 
21:50:26   ├─ /articles/how-to-identity-brandbook-check/index.html (+1ms) 
21:50:26   ├─ /articles/how-to-identity-brandbook-design/index.html (+2ms) 
21:50:26   ├─ /articles/how-to-identity-brandbook-improve/index.html (+2ms) 
21:50:26   ├─ /articles/how-to-identity-brandbook-prepare/index.html (+1ms) 
21:50:26   ├─ /articles/how-to-identity-brandbook-update/index.html (+1ms) 
21:50:26   ├─ /articles/how-to-identity-company-logo-check/index.html (+1ms) 
21:50:26   ├─ /articles/how-to-identity-company-logo-design/index.html (+1ms) 
21:50:26   ├─ /articles/how-to-identity-company-logo-improve/index.html (+1ms) 
21:50:26   ├─ /articles/how-to-identity-company-logo-prepare/index.html (+1ms) 
21:50:26   ├─ /articles/how-to-identity-company-logo-update/index.html (+2ms) 
21:50:26   ├─ /articles/how-to-identity-corporate-style-check/index.html (+2ms) 
21:50:26   ├─ /articles/how-to-identity-corporate-style-design/index.html (+1ms) 
21:50:26   ├─ /articles/how-to-identity-corporate-style-improve/index.html (+2ms) 
21:50:26   ├─ /articles/how-to-identity-corporate-style-prepare/index.html (+2ms) 
21:50:26   ├─ /articles/how-to-identity-corporate-style-update/index.html (+1ms) 
21:50:26   ├─ /articles/how-to-identity-expert-style-check/index.html (+1ms) 
21:50:26   ├─ /articles/how-to-identity-expert-style-design/index.html (+1ms) 
21:50:26   ├─ /articles/how-to-identity-expert-style-improve/index.html (+1ms) 
21:50:26   ├─ /articles/how-to-identity-expert-style-prepare/index.html (+1ms) 
21:50:26   ├─ /articles/how-to-identity-expert-style-update/index.html (+1ms) 
21:50:26   ├─ /articles/how-to-identity-packaging-system-check/index.html (+2ms) 
21:50:26   ├─ /articles/how-to-identity-packaging-system-design/index.html (+2ms) 
21:50:26   ├─ /articles/how-to-identity-packaging-system-improve/index.html (+2ms) 
21:50:26   ├─ /articles/how-to-identity-packaging-system-prepare/index.html (+2ms) 
21:50:26   ├─ /articles/how-to-identity-packaging-system-update/index.html (+1ms) 
21:50:26   ├─ /articles/how-to-identity-rebranding-check/index.html (+1ms) 
21:50:26   ├─ /articles/how-to-identity-rebranding-design/index.html (+1ms) 
21:50:26   ├─ /articles/how-to-identity-rebranding-improve/index.html (+1ms) 
21:50:27   ├─ /articles/how-to-identity-rebranding-prepare/index.html (+1ms) 
21:50:27   ├─ /articles/how-to-identity-rebranding-update/index.html (+1ms) 
21:50:27   ├─ /articles/how-to-identity-responsive-logo-check/index.html (+1ms) 
21:50:27   ├─ /articles/how-to-identity-responsive-logo-design/index.html (+1ms) 
21:50:27   ├─ /articles/how-to-identity-responsive-logo-improve/index.html (+1ms) 
21:50:27   ├─ /articles/how-to-identity-responsive-logo-prepare/index.html (+1ms) 
21:50:27   ├─ /articles/how-to-identity-responsive-logo-update/index.html (+2ms) 
21:50:27   ├─ /articles/how-to-identity-startup-identity-check/index.html (+2ms) 
21:50:27   ├─ /articles/how-to-identity-startup-identity-design/index.html (+2ms) 
21:50:27   ├─ /articles/how-to-identity-startup-identity-improve/index.html (+1ms) 
21:50:27   ├─ /articles/how-to-identity-startup-identity-prepare/index.html (+1ms) 
21:50:27   ├─ /articles/how-to-identity-startup-identity-update/index.html (+1ms) 
21:50:27   ├─ /articles/logo-vs-brand-identity/index.html (+1ms) 
21:50:27   ├─ /articles/trend-ai-logo-audit/index.html (+1ms) 
21:50:27   ├─ /articles/trend-ai-logo-brief/index.html (+1ms) 
21:50:27   ├─ /articles/trend-ai-logo-checklist/index.html (+1ms) 
21:50:27   ├─ /articles/trend-ai-logo-comparison/index.html (+1ms) 
21:50:27   ├─ /articles/trend-ai-logo-cost/index.html (+1ms) 
21:50:27   ├─ /articles/trend-ai-logo-guide/index.html (+1ms) 
21:50:27   ├─ /articles/trend-ai-logo-how-to-choose/index.html (+1ms) 
21:50:27   ├─ /articles/trend-ai-logo-mistakes/index.html (+2ms) 
21:50:27   ├─ /articles/trend-ai-logo-steps/index.html (+1ms) 
21:50:27   ├─ /articles/trend-ai-logo-trends-2026/index.html (+1ms) 
21:50:27   ├─ /articles/trend-brand-identity-audit/index.html (+1ms) 
21:50:27   ├─ /articles/trend-brand-identity-brief/index.html (+1ms) 
21:50:27   ├─ /articles/trend-brand-identity-checklist/index.html (+1ms) 
21:50:27   ├─ /articles/trend-brand-identity-comparison/index.html (+1ms) 
21:50:27   ├─ /articles/trend-brand-identity-cost/index.html (+1ms) 
21:50:27   ├─ /articles/trend-brand-identity-guide/index.html (+1ms) 
21:50:27   ├─ /articles/trend-brand-identity-how-to-choose/index.html (+1ms) 
21:50:27   ├─ /articles/trend-brand-identity-mistakes/index.html (+1ms) 
21:50:27   ├─ /articles/trend-brand-identity-steps/index.html (+1ms) 
21:50:27   ├─ /articles/trend-brand-identity-trends-2026/index.html (+1ms) 
21:50:27   ├─ /articles/trend-brand-strategy-audit/index.html (+1ms) 
21:50:27   ├─ /articles/trend-brand-strategy-brief/index.html (+2ms) 
21:50:27   ├─ /articles/trend-brand-strategy-checklist/index.html (+1ms) 
21:50:27   ├─ /articles/trend-brand-strategy-comparison/index.html (+1ms) 
21:50:27   ├─ /articles/trend-brand-strategy-cost/index.html (+1ms) 
21:50:27   ├─ /articles/trend-brand-strategy-guide/index.html (+1ms) 
21:50:27   ├─ /articles/trend-brand-strategy-how-to-choose/index.html (+1ms) 
21:50:27   ├─ /articles/trend-brand-strategy-mistakes/index.html (+1ms) 
21:50:27   ├─ /articles/trend-brand-strategy-steps/index.html (+1ms) 
21:50:27   ├─ /articles/trend-brand-strategy-trends-2026/index.html (+1ms) 
21:50:27   ├─ /articles/trend-brandbook-audit/index.html (+1ms) 
21:50:27   ├─ /articles/trend-brandbook-brief/index.html (+1ms) 
21:50:27   ├─ /articles/trend-brandbook-checklist/index.html (+1ms) 
21:50:27   ├─ /articles/trend-brandbook-comparison/index.html (+2ms) 
21:50:27   ├─ /articles/trend-brandbook-cost/index.html (+3ms) 
21:50:27   ├─ /articles/trend-brandbook-guide/index.html (+1ms) 
21:50:27   ├─ /articles/trend-brandbook-how-to-choose/index.html (+1ms) 
21:50:27   ├─ /articles/trend-brandbook-mistakes/index.html (+1ms) 
21:50:27   ├─ /articles/trend-brandbook-steps/index.html (+1ms) 
21:50:27   ├─ /articles/trend-brandbook-trends-2026/index.html (+1ms) 
21:50:27   ├─ /articles/trend-corporate-style-audit/index.html (+1ms) 
21:50:27   ├─ /articles/trend-corporate-style-brief/index.html (+1ms) 
21:50:27   ├─ /articles/trend-corporate-style-checklist/index.html (+1ms) 
21:50:27   ├─ /articles/trend-corporate-style-comparison/index.html (+1ms) 
21:50:27   ├─ /articles/trend-corporate-style-cost/index.html (+4ms) 
21:50:27   ├─ /articles/trend-corporate-style-guide/index.html (+2ms) 
21:50:27   ├─ /articles/trend-corporate-style-how-to-choose/index.html (+1ms) 
21:50:27   ├─ /articles/trend-corporate-style-mistakes/index.html (+1ms) 
21:50:27   ├─ /articles/trend-corporate-style-steps/index.html (+1ms) 
21:50:27   ├─ /articles/trend-corporate-style-trends-2026/index.html (+1ms) 
21:50:27   ├─ /articles/trend-logo-design-audit/index.html (+1ms) 
21:50:27   ├─ /articles/trend-logo-design-brief/index.html (+1ms) 
21:50:27   ├─ /articles/trend-logo-design-checklist/index.html (+1ms) 
21:50:27   ├─ /articles/trend-logo-design-comparison/index.html (+1ms) 
21:50:27   ├─ /articles/trend-logo-design-cost/index.html (+1ms) 
21:50:27   ├─ /articles/trend-logo-design-guide/index.html (+1ms) 
21:50:27   ├─ /articles/trend-logo-design-how-to-choose/index.html (+2ms) 
21:50:27   ├─ /articles/trend-logo-design-mistakes/index.html (+1ms) 
21:50:27   ├─ /articles/trend-logo-design-steps/index.html (+1ms) 
21:50:27   ├─ /articles/trend-logo-design-trends-2026/index.html (+1ms) 
21:50:27   ├─ /articles/trend-packaging-identity-audit/index.html (+1ms) 
21:50:27   ├─ /articles/trend-packaging-identity-brief/index.html (+1ms) 
21:50:27   ├─ /articles/trend-packaging-identity-checklist/index.html (+1ms) 
21:50:27   ├─ /articles/trend-packaging-identity-comparison/index.html (+1ms) 
21:50:27   ├─ /articles/trend-packaging-identity-cost/index.html (+1ms) 
21:50:27   ├─ /articles/trend-packaging-identity-guide/index.html (+1ms) 
21:50:27   ├─ /articles/trend-packaging-identity-how-to-choose/index.html (+1ms) 
21:50:27   ├─ /articles/trend-packaging-identity-mistakes/index.html (+1ms) 
21:50:27   ├─ /articles/trend-packaging-identity-steps/index.html (+1ms) 
21:50:27   ├─ /articles/trend-packaging-identity-trends-2026/index.html (+1ms) 
21:50:27   ├─ /articles/trend-personal-brand-audit/index.html (+2ms) 
21:50:27   ├─ /articles/trend-personal-brand-brief/index.html (+2ms) 
21:50:27   ├─ /articles/trend-personal-brand-checklist/index.html (+1ms) 
21:50:27   ├─ /articles/trend-personal-brand-comparison/index.html (+1ms) 
21:50:27   ├─ /articles/trend-personal-brand-cost/index.html (+1ms) 
21:50:27   ├─ /articles/trend-personal-brand-guide/index.html (+1ms) 
21:50:27   ├─ /articles/trend-personal-brand-how-to-choose/index.html (+1ms) 
21:50:27   ├─ /articles/trend-personal-brand-mistakes/index.html (+1ms) 
21:50:27   ├─ /articles/trend-personal-brand-steps/index.html (+1ms) 
21:50:27   ├─ /articles/trend-personal-brand-trends-2026/index.html (+1ms) 
21:50:27   ├─ /articles/trend-rebranding-audit/index.html (+1ms) 
21:50:27   ├─ /articles/trend-rebranding-brief/index.html (+1ms) 
21:50:27   ├─ /articles/trend-rebranding-checklist/index.html (+1ms) 
21:50:27   ├─ /articles/trend-rebranding-comparison/index.html (+2ms) 
21:50:27   ├─ /articles/trend-rebranding-cost/index.html (+1ms) 
21:50:27   ├─ /articles/trend-rebranding-guide/index.html (+1ms) 
21:50:27   ├─ /articles/trend-rebranding-how-to-choose/index.html (+1ms) 
21:50:27   ├─ /articles/trend-rebranding-mistakes/index.html (+1ms) 
21:50:27   ├─ /articles/trend-rebranding-steps/index.html (+1ms) 
21:50:27   ├─ /articles/trend-rebranding-trends-2026/index.html (+1ms) 
21:50:27   ├─ /articles/trend-responsive-motion-audit/index.html (+1ms) 
21:50:27   ├─ /articles/trend-responsive-motion-brief/index.html (+1ms) 
21:50:27   ├─ /articles/trend-responsive-motion-checklist/index.html (+1ms) 
21:50:27   ├─ /articles/trend-responsive-motion-comparison/index.html (+1ms) 
21:50:27   ├─ /articles/trend-responsive-motion-cost/index.html (+1ms) 
21:50:27   ├─ /articles/trend-responsive-motion-guide/index.html (+1ms) 
21:50:27   ├─ /articles/trend-responsive-motion-how-to-choose/index.html (+3ms) 
21:50:27   ├─ /articles/trend-responsive-motion-mistakes/index.html (+2ms) 
21:50:27   ├─ /articles/trend-responsive-motion-steps/index.html (+1ms) 
21:50:27   ├─ /articles/trend-responsive-motion-trends-2026/index.html (+1ms) 
21:50:27   ├─ /articles/what-is-brand-identity/index.html (+1ms) 
21:50:27   ├─ /articles/when-business-needs-rebranding/index.html (+1ms) 
21:50:27   ├─ /articles/ai-vs-designer-presentation/index.html (+1ms) 
21:50:27   ├─ /articles/commercial-proposal-design/index.html (+1ms) 
21:50:27   ├─ /articles/how-to-presentations-annual-report-check/index.html (+1ms) 
21:50:27   ├─ /articles/how-to-presentations-annual-report-design/index.html (+1ms) 
21:50:27   ├─ /articles/how-to-presentations-annual-report-improve/index.html (+1ms) 
21:50:27   ├─ /articles/how-to-presentations-annual-report-prepare/index.html (+1ms) 
21:50:27   ├─ /articles/how-to-presentations-annual-report-update/index.html (+2ms) 
21:50:27   ├─ /articles/how-to-presentations-commercial-proposal-check/index.html (+1ms) 
21:50:27   ├─ /articles/how-to-presentations-commercial-proposal-design/index.html (+1ms) 
21:50:27   ├─ /articles/how-to-presentations-commercial-proposal-improve/index.html (+1ms) 
21:50:27   ├─ /articles/how-to-presentations-commercial-proposal-prepare/index.html (+1ms) 
21:50:27   ├─ /articles/how-to-presentations-commercial-proposal-update/index.html (+1ms) 
21:50:27   ├─ /articles/how-to-presentations-data-charts-check/index.html (+1ms) 
21:50:27   ├─ /articles/how-to-presentations-data-charts-design/index.html (+1ms) 
21:50:27   ├─ /articles/how-to-presentations-data-charts-improve/index.html (+1ms) 
21:50:27   ├─ /articles/how-to-presentations-data-charts-prepare/index.html (+1ms) 
21:50:27   ├─ /articles/how-to-presentations-data-charts-update/index.html (+1ms) 
21:50:27   ├─ /articles/how-to-presentations-investor-deck-check/index.html (+1ms) 
21:50:27   ├─ /articles/how-to-presentations-investor-deck-design/index.html (+1ms) 
21:50:27   ├─ /articles/how-to-presentations-investor-deck-improve/index.html (+1ms) 
21:50:27   ├─ /articles/how-to-presentations-investor-deck-prepare/index.html (+1ms) 
21:50:27   ├─ /articles/how-to-presentations-investor-deck-update/index.html (+2ms) 
21:50:27   ├─ /articles/how-to-presentations-pitch-deck-check/index.html (+3ms) 
21:50:27   ├─ /articles/how-to-presentations-pitch-deck-design/index.html (+1ms) 
21:50:27   ├─ /articles/how-to-presentations-pitch-deck-improve/index.html (+1ms) 
21:50:27   ├─ /articles/how-to-presentations-pitch-deck-prepare/index.html (+1ms) 
21:50:27   ├─ /articles/how-to-presentations-pitch-deck-update/index.html (+1ms) 
21:50:27   ├─ /articles/how-to-presentations-product-deck-check/index.html (+1ms) 
21:50:27   ├─ /articles/how-to-presentations-product-deck-design/index.html (+1ms) 
21:50:27   ├─ /articles/how-to-presentations-product-deck-improve/index.html (+1ms) 
21:50:27   ├─ /articles/how-to-presentations-product-deck-prepare/index.html (+1ms) 
21:50:27   ├─ /articles/how-to-presentations-product-deck-update/index.html (+1ms) 
21:50:27   ├─ /articles/how-to-presentations-sales-deck-check/index.html (+1ms) 
21:50:27   ├─ /articles/how-to-presentations-sales-deck-design/index.html (+2ms) 
21:50:27   ├─ /articles/how-to-presentations-sales-deck-improve/index.html (+1ms) 
21:50:27   ├─ /articles/how-to-presentations-sales-deck-prepare/index.html (+1ms) 
21:50:27   ├─ /articles/how-to-presentations-sales-deck-update/index.html (+1ms) 
21:50:27   ├─ /articles/how-to-presentations-slide-library-check/index.html (+1ms) 
21:50:27   ├─ /articles/how-to-presentations-slide-library-design/index.html (+1ms) 
21:50:27   ├─ /articles/how-to-presentations-slide-library-improve/index.html (+1ms) 
21:50:27   ├─ /articles/how-to-presentations-slide-library-prepare/index.html (+1ms) 
21:50:27   ├─ /articles/how-to-presentations-slide-library-update/index.html (+1ms) 
21:50:27   ├─ /articles/how-to-presentations-slide-template-check/index.html (+1ms) 
21:50:27   ├─ /articles/how-to-presentations-slide-template-design/index.html (+1ms) 
21:50:27   ├─ /articles/how-to-presentations-slide-template-improve/index.html (+1ms) 
21:50:27   ├─ /articles/how-to-presentations-slide-template-prepare/index.html (+1ms) 
21:50:27   ├─ /articles/how-to-presentations-slide-template-update/index.html (+3ms) 
21:50:27   ├─ /articles/how-to-presentations-speaker-slides-check/index.html (+2ms) 
21:50:27   ├─ /articles/how-to-presentations-speaker-slides-design/index.html (+1ms) 
21:50:27   ├─ /articles/how-to-presentations-speaker-slides-improve/index.html (+1ms) 
21:50:27   ├─ /articles/how-to-presentations-speaker-slides-prepare/index.html (+1ms) 
21:50:27   ├─ /articles/how-to-presentations-speaker-slides-update/index.html (+1ms) 
21:50:27   ├─ /articles/pitch-deck-structure/index.html (+1ms) 
21:50:27   ├─ /articles/presentation-design-mistakes/index.html (+1ms) 
21:50:27   ├─ /articles/trend-ai-presentation-audit/index.html (+1ms) 
21:50:27   ├─ /articles/trend-ai-presentation-brief/index.html (+1ms) 
21:50:27   ├─ /articles/trend-ai-presentation-checklist/index.html (+1ms) 
21:50:27   ├─ /articles/trend-ai-presentation-comparison/index.html (+1ms) 
21:50:27   ├─ /articles/trend-ai-presentation-cost/index.html (+1ms) 
21:50:27   ├─ /articles/trend-ai-presentation-guide/index.html (+1ms) 
21:50:27   ├─ /articles/trend-ai-presentation-how-to-choose/index.html (+1ms) 
21:50:27   ├─ /articles/trend-ai-presentation-mistakes/index.html (+1ms) 
21:50:27   ├─ /articles/trend-ai-presentation-steps/index.html (+1ms) 
21:50:27   ├─ /articles/trend-ai-presentation-trends-2026/index.html (+1ms) 
21:50:27   ├─ /articles/trend-commercial-proposal-audit/index.html (+1ms) 
21:50:27   ├─ /articles/trend-commercial-proposal-brief/index.html (+1ms) 
21:50:27   ├─ /articles/trend-commercial-proposal-checklist/index.html (+1ms) 
21:50:27   ├─ /articles/trend-commercial-proposal-comparison/index.html (+1ms) 
21:50:27   ├─ /articles/trend-commercial-proposal-cost/index.html (+1ms) 
21:50:27   ├─ /articles/trend-commercial-proposal-guide/index.html (+1ms) 
21:50:27   ├─ /articles/trend-commercial-proposal-how-to-choose/index.html (+1ms) 
21:50:27   ├─ /articles/trend-commercial-proposal-mistakes/index.html (+1ms) 
21:50:27   ├─ /articles/trend-commercial-proposal-steps/index.html (+1ms) 
21:50:27   ├─ /articles/trend-commercial-proposal-trends-2026/index.html (+1ms) 
21:50:27   ├─ /articles/trend-data-storytelling-audit/index.html (+2ms) 
21:50:27   ├─ /articles/trend-data-storytelling-brief/index.html (+1ms) 
21:50:27   ├─ /articles/trend-data-storytelling-checklist/index.html (+1ms) 
21:50:27   ├─ /articles/trend-data-storytelling-comparison/index.html (+1ms) 
21:50:27   ├─ /articles/trend-data-storytelling-cost/index.html (+1ms) 
21:50:27   ├─ /articles/trend-data-storytelling-guide/index.html (+1ms) 
21:50:27   ├─ /articles/trend-data-storytelling-how-to-choose/index.html (+1ms) 
21:50:27   ├─ /articles/trend-data-storytelling-mistakes/index.html (+1ms) 
21:50:27   ├─ /articles/trend-data-storytelling-steps/index.html (+1ms) 
21:50:27   ├─ /articles/trend-data-storytelling-trends-2026/index.html (+1ms) 
21:50:27   ├─ /articles/trend-investor-deck-audit/index.html (+1ms) 
21:50:27   ├─ /articles/trend-investor-deck-brief/index.html (+1ms) 
21:50:27   ├─ /articles/trend-investor-deck-checklist/index.html (+1ms) 
21:50:27   ├─ /articles/trend-investor-deck-comparison/index.html (+2ms) 
21:50:27   ├─ /articles/trend-investor-deck-cost/index.html (+1ms) 
21:50:27   ├─ /articles/trend-investor-deck-guide/index.html (+1ms) 
21:50:27   ├─ /articles/trend-investor-deck-how-to-choose/index.html (+10ms) 
21:50:27   ├─ /articles/trend-investor-deck-mistakes/index.html (+1ms) 
21:50:27   ├─ /articles/trend-investor-deck-steps/index.html (+1ms) 
21:50:27   ├─ /articles/trend-investor-deck-trends-2026/index.html (+2ms) 
21:50:27   ├─ /articles/trend-pitch-deck-audit/index.html (+1ms) 
21:50:27   ├─ /articles/trend-pitch-deck-brief/index.html (+1ms) 
21:50:27   ├─ /articles/trend-pitch-deck-checklist/index.html (+1ms) 
21:50:27   ├─ /articles/trend-pitch-deck-comparison/index.html (+1ms) 
21:50:27   ├─ /articles/trend-pitch-deck-cost/index.html (+3ms) 
21:50:27   ├─ /articles/trend-pitch-deck-guide/index.html (+3ms) 
21:50:27   ├─ /articles/trend-pitch-deck-how-to-choose/index.html (+1ms) 
21:50:27   ├─ /articles/trend-pitch-deck-mistakes/index.html (+1ms) 
21:50:27   ├─ /articles/trend-pitch-deck-steps/index.html (+1ms) 
21:50:27   ├─ /articles/trend-pitch-deck-trends-2026/index.html (+5ms) 
21:50:27   ├─ /articles/trend-presentation-design-audit/index.html (+3ms) 
21:50:27   ├─ /articles/trend-presentation-design-brief/index.html (+2ms) 
21:50:27   ├─ /articles/trend-presentation-design-checklist/index.html (+1ms) 
21:50:27   ├─ /articles/trend-presentation-design-comparison/index.html (+1ms) 
21:50:27   ├─ /articles/trend-presentation-design-cost/index.html (+1ms) 
21:50:27   ├─ /articles/trend-presentation-design-guide/index.html (+1ms) 
21:50:27   ├─ /articles/trend-presentation-design-how-to-choose/index.html (+1ms) 
21:50:27   ├─ /articles/trend-presentation-design-mistakes/index.html (+1ms) 
21:50:27   ├─ /articles/trend-presentation-design-steps/index.html (+2ms) 
21:50:27   ├─ /articles/trend-presentation-design-trends-2026/index.html (+1ms) 
21:50:27   ├─ /articles/trend-presentation-system-audit/index.html (+1ms) 
21:50:27   ├─ /articles/trend-presentation-system-brief/index.html (+1ms) 
21:50:27   ├─ /articles/trend-presentation-system-checklist/index.html (+2ms) 
21:50:27   ├─ /articles/trend-presentation-system-comparison/index.html (+1ms) 
21:50:27   ├─ /articles/trend-presentation-system-cost/index.html (+1ms) 
21:50:27   ├─ /articles/trend-presentation-system-guide/index.html (+1ms) 
21:50:27   ├─ /articles/trend-presentation-system-how-to-choose/index.html (+1ms) 
21:50:27   ├─ /articles/trend-presentation-system-mistakes/index.html (+1ms) 
21:50:27   ├─ /articles/trend-presentation-system-steps/index.html (+1ms) 
21:50:27   ├─ /articles/trend-presentation-system-trends-2026/index.html (+1ms) 
21:50:27   ├─ /articles/trend-presentation-template-audit/index.html (+3ms) 
21:50:27   ├─ /articles/trend-presentation-template-brief/index.html (+2ms) 
21:50:27   ├─ /articles/trend-presentation-template-checklist/index.html (+1ms) 
21:50:27   ├─ /articles/trend-presentation-template-comparison/index.html (+5ms) 
21:50:27   ├─ /articles/trend-presentation-template-cost/index.html (+2ms) 
21:50:27   ├─ /articles/trend-presentation-template-guide/index.html (+1ms) 
21:50:27   ├─ /articles/trend-presentation-template-how-to-choose/index.html (+1ms) 
21:50:27   ├─ /articles/trend-presentation-template-mistakes/index.html (+2ms) 
21:50:27   ├─ /articles/trend-presentation-template-steps/index.html (+2ms) 
21:50:27   ├─ /articles/trend-presentation-template-trends-2026/index.html (+1ms) 
21:50:27   ├─ /articles/trend-sales-deck-audit/index.html (+1ms) 
21:50:27   ├─ /articles/trend-sales-deck-brief/index.html (+1ms) 
21:50:27   ├─ /articles/trend-sales-deck-checklist/index.html (+1ms) 
21:50:27   ├─ /articles/trend-sales-deck-comparison/index.html (+2ms) 
21:50:27   ├─ /articles/trend-sales-deck-cost/index.html (+2ms) 
21:50:27   ├─ /articles/trend-sales-deck-guide/index.html (+1ms) 
21:50:27   ├─ /articles/trend-sales-deck-how-to-choose/index.html (+1ms) 
21:50:27   ├─ /articles/trend-sales-deck-mistakes/index.html (+1ms) 
21:50:27   ├─ /articles/trend-sales-deck-steps/index.html (+2ms) 
21:50:27   ├─ /articles/trend-sales-deck-trends-2026/index.html (+2ms) 
21:50:27   ├─ /articles/trend-webinar-deck-audit/index.html (+1ms) 
21:50:27   ├─ /articles/trend-webinar-deck-brief/index.html (+2ms) 
21:50:27   ├─ /articles/trend-webinar-deck-checklist/index.html (+1ms) 
21:50:27   ├─ /articles/trend-webinar-deck-comparison/index.html (+1ms) 
21:50:27   ├─ /articles/trend-webinar-deck-cost/index.html (+1ms) 
21:50:27   ├─ /articles/trend-webinar-deck-guide/index.html (+1ms) 
21:50:27   ├─ /articles/trend-webinar-deck-how-to-choose/index.html (+1ms) 
21:50:27   ├─ /articles/trend-webinar-deck-mistakes/index.html (+1ms) 
21:50:27   ├─ /articles/trend-webinar-deck-steps/index.html (+3ms) 
21:50:27   ├─ /articles/trend-webinar-deck-trends-2026/index.html (+2ms) 
21:50:27   ├─ /articles/how-to-print-business-card-check/index.html (+2ms) 
21:50:27   ├─ /articles/how-to-print-business-card-design/index.html (+1ms) 
21:50:27   ├─ /articles/how-to-print-business-card-improve/index.html (+1ms) 
21:50:27   ├─ /articles/how-to-print-business-card-prepare/index.html (+1ms) 
21:50:27   ├─ /articles/how-to-print-business-card-update/index.html (+1ms) 
21:50:27   ├─ /articles/how-to-print-event-kit-check/index.html (+1ms) 
21:50:27   ├─ /articles/how-to-print-event-kit-design/index.html (+1ms) 
21:50:27   ├─ /articles/how-to-print-event-kit-improve/index.html (+1ms) 
21:50:27   ├─ /articles/how-to-print-event-kit-prepare/index.html (+1ms) 
21:50:27   ├─ /articles/how-to-print-event-kit-update/index.html (+1ms) 
21:50:27   ├─ /articles/how-to-print-letterhead-check/index.html (+1ms) 
21:50:27   ├─ /articles/how-to-print-letterhead-design/index.html (+1ms) 
21:50:27   ├─ /articles/how-to-print-letterhead-improve/index.html (+3ms) 
21:50:27   ├─ /articles/how-to-print-letterhead-prepare/index.html (+1ms) 
21:50:27   ├─ /articles/how-to-print-letterhead-update/index.html (+1ms) 
21:50:27   ├─ /articles/how-to-print-print-banner-check/index.html (+1ms) 
21:50:27   ├─ /articles/how-to-print-print-banner-design/index.html (+1ms) 
21:50:27   ├─ /articles/how-to-print-print-banner-improve/index.html (+1ms) 
21:50:27   ├─ /articles/how-to-print-print-banner-prepare/index.html (+1ms) 
21:50:27   ├─ /articles/how-to-print-print-banner-update/index.html (+1ms) 
21:50:27   ├─ /articles/how-to-print-print-files-check/index.html (+1ms) 
21:50:27   ├─ /articles/how-to-print-print-files-design/index.html (+1ms) 
21:50:27   ├─ /articles/how-to-print-print-files-improve/index.html (+1ms) 
21:50:27   ├─ /articles/how-to-print-print-files-prepare/index.html (+1ms) 
21:50:27   ├─ /articles/how-to-print-print-files-update/index.html (+1ms) 
21:50:27   ├─ /articles/how-to-print-product-catalog-check/index.html (+3ms) 
21:50:27   ├─ /articles/how-to-print-product-catalog-design/index.html (+2ms) 
21:50:27   ├─ /articles/how-to-print-product-catalog-improve/index.html (+2ms) 
21:50:27   ├─ /articles/how-to-print-product-catalog-prepare/index.html (+2ms) 
21:50:27   ├─ /articles/how-to-print-product-catalog-update/index.html (+2ms) 
21:50:27   ├─ /articles/how-to-print-product-label-check/index.html (+2ms) 
21:50:27   ├─ /articles/how-to-print-product-label-design/index.html (+1ms) 
21:50:27   ├─ /articles/how-to-print-product-label-improve/index.html (+1ms) 
21:50:27   ├─ /articles/how-to-print-product-label-prepare/index.html (+1ms) 
21:50:27   ├─ /articles/how-to-print-product-label-update/index.html (+2ms) 
21:50:27   ├─ /articles/how-to-print-product-package-check/index.html (+1ms) 
21:50:27   ├─ /articles/how-to-print-product-package-design/index.html (+1ms) 
21:50:27   ├─ /articles/how-to-print-product-package-improve/index.html (+1ms) 
21:50:27   ├─ /articles/how-to-print-product-package-prepare/index.html (+1ms) 
21:50:27   ├─ /articles/how-to-print-product-package-update/index.html (+1ms) 
21:50:27   ├─ /articles/how-to-print-qr-package-check/index.html (+1ms) 
21:50:27   ├─ /articles/how-to-print-qr-package-design/index.html (+1ms) 
21:50:27   ├─ /articles/how-to-print-qr-package-improve/index.html (+1ms) 
21:50:27   ├─ /articles/how-to-print-qr-package-prepare/index.html (+2ms) 
21:50:27   ├─ /articles/how-to-print-qr-package-update/index.html (+1ms) 
21:50:27   ├─ /articles/how-to-print-restaurant-menu-check/index.html (+2ms) 
21:50:27   ├─ /articles/how-to-print-restaurant-menu-design/index.html (+2ms) 
21:50:27   ├─ /articles/how-to-print-restaurant-menu-improve/index.html (+1ms) 
21:50:27   ├─ /articles/how-to-print-restaurant-menu-prepare/index.html (+1ms) 
21:50:27   ├─ /articles/how-to-print-restaurant-menu-update/index.html (+1ms) 
21:50:27   ├─ /articles/label-design-guide/index.html (+3ms) 
21:50:27   ├─ /articles/prepress-checklist/index.html (+1ms) 
21:50:27   ├─ /articles/product-packaging-design/index.html (+1ms) 
21:50:27   ├─ /articles/restaurant-menu-design/index.html (+1ms) 
21:50:27   ├─ /articles/trend-business-stationery-audit/index.html (+1ms) 
21:50:27   ├─ /articles/trend-business-stationery-brief/index.html (+1ms) 
21:50:27   ├─ /articles/trend-business-stationery-checklist/index.html (+2ms) 
21:50:27   ├─ /articles/trend-business-stationery-comparison/index.html (+2ms) 
21:50:27   ├─ /articles/trend-business-stationery-cost/index.html (+1ms) 
21:50:27   ├─ /articles/trend-business-stationery-guide/index.html (+1ms) 
21:50:27   ├─ /articles/trend-business-stationery-how-to-choose/index.html (+1ms) 
21:50:27   ├─ /articles/trend-business-stationery-mistakes/index.html (+1ms) 
21:50:27   ├─ /articles/trend-business-stationery-steps/index.html (+1ms) 
21:50:27   ├─ /articles/trend-business-stationery-trends-2026/index.html (+1ms) 
21:50:27   ├─ /articles/trend-event-print-audit/index.html (+1ms) 
21:50:27   ├─ /articles/trend-event-print-brief/index.html (+1ms) 
21:50:27   ├─ /articles/trend-event-print-checklist/index.html (+1ms) 
21:50:27   ├─ /articles/trend-event-print-comparison/index.html (+1ms) 
21:50:27   ├─ /articles/trend-event-print-cost/index.html (+2ms) 
21:50:27   ├─ /articles/trend-event-print-guide/index.html (+1ms) 
21:50:27   ├─ /articles/trend-event-print-how-to-choose/index.html (+1ms) 
21:50:27   ├─ /articles/trend-event-print-mistakes/index.html (+1ms) 
21:50:27   ├─ /articles/trend-event-print-steps/index.html (+1ms) 
21:50:27   ├─ /articles/trend-event-print-trends-2026/index.html (+1ms) 
21:50:27   ├─ /articles/trend-label-design-audit/index.html (+1ms) 
21:50:27   ├─ /articles/trend-label-design-brief/index.html (+1ms) 
21:50:27   ├─ /articles/trend-label-design-checklist/index.html (+1ms) 
21:50:27   ├─ /articles/trend-label-design-comparison/index.html (+1ms) 
21:50:27   ├─ /articles/trend-label-design-cost/index.html (+1ms) 
21:50:27   ├─ /articles/trend-label-design-guide/index.html (+1ms) 
21:50:27   ├─ /articles/trend-label-design-how-to-choose/index.html (+1ms) 
21:50:27   ├─ /articles/trend-label-design-mistakes/index.html (+2ms) 
21:50:27   ├─ /articles/trend-label-design-steps/index.html (+2ms) 
21:50:27   ├─ /articles/trend-label-design-trends-2026/index.html (+1ms) 
21:50:27   ├─ /articles/trend-marketplace-label-audit/index.html (+1ms) 
21:50:27   ├─ /articles/trend-marketplace-label-brief/index.html (+1ms) 
21:50:27   ├─ /articles/trend-marketplace-label-checklist/index.html (+1ms) 
21:50:27   ├─ /articles/trend-marketplace-label-comparison/index.html (+1ms) 
21:50:27   ├─ /articles/trend-marketplace-label-cost/index.html (+1ms) 
21:50:27   ├─ /articles/trend-marketplace-label-guide/index.html (+1ms) 
21:50:27   ├─ /articles/trend-marketplace-label-how-to-choose/index.html (+1ms) 
21:50:27   ├─ /articles/trend-marketplace-label-mistakes/index.html (+1ms) 
21:50:27   ├─ /articles/trend-marketplace-label-steps/index.html (+3ms) 
21:50:27   ├─ /articles/trend-marketplace-label-trends-2026/index.html (+2ms) 
21:50:27   ├─ /articles/trend-packaging-design-audit/index.html (+2ms) 
21:50:27   ├─ /articles/trend-packaging-design-brief/index.html (+2ms) 
21:50:27   ├─ /articles/trend-packaging-design-checklist/index.html (+3ms) 
21:50:27   ├─ /articles/trend-packaging-design-comparison/index.html (+2ms) 
21:50:27   ├─ /articles/trend-packaging-design-cost/index.html (+1ms) 
21:50:27   ├─ /articles/trend-packaging-design-guide/index.html (+1ms) 
21:50:27   ├─ /articles/trend-packaging-design-how-to-choose/index.html (+1ms) 
21:50:27   ├─ /articles/trend-packaging-design-mistakes/index.html (+1ms) 
21:50:27   ├─ /articles/trend-packaging-design-steps/index.html (+2ms) 
21:50:27   ├─ /articles/trend-packaging-design-trends-2026/index.html (+3ms) 
21:50:27   ├─ /articles/trend-polygraphy-basics-audit/index.html (+1ms) 
21:50:27   ├─ /articles/trend-polygraphy-basics-brief/index.html (+1ms) 
21:50:27   ├─ /articles/trend-polygraphy-basics-checklist/index.html (+1ms) 
21:50:27   ├─ /articles/trend-polygraphy-basics-comparison/index.html (+1ms) 
21:50:27   ├─ /articles/trend-polygraphy-basics-cost/index.html (+1ms) 
21:50:27   ├─ /articles/trend-polygraphy-basics-guide/index.html (+1ms) 
21:50:27   ├─ /articles/trend-polygraphy-basics-how-to-choose/index.html (+1ms) 
21:50:27   ├─ /articles/trend-polygraphy-basics-mistakes/index.html (+1ms) 
21:50:27   ├─ /articles/trend-polygraphy-basics-steps/index.html (+1ms) 
21:50:27   ├─ /articles/trend-polygraphy-basics-trends-2026/index.html (+1ms) 
21:50:27   ├─ /articles/trend-prepress-audit/index.html (+1ms) 
21:50:27   ├─ /articles/trend-prepress-brief/index.html (+2ms) 
21:50:27   ├─ /articles/trend-prepress-checklist/index.html (+1ms) 
21:50:27   ├─ /articles/trend-prepress-comparison/index.html (+1ms) 
21:50:27   ├─ /articles/trend-prepress-cost/index.html (+1ms) 
21:50:27   ├─ /articles/trend-prepress-guide/index.html (+1ms) 
21:50:27   ├─ /articles/trend-prepress-how-to-choose/index.html (+1ms) 
21:50:27   ├─ /articles/trend-prepress-mistakes/index.html (+1ms) 
21:50:27   ├─ /articles/trend-prepress-steps/index.html (+1ms) 
21:50:27   ├─ /articles/trend-prepress-trends-2026/index.html (+1ms) 
21:50:27   ├─ /articles/trend-restaurant-menu-audit/index.html (+1ms) 
21:50:27   ├─ /articles/trend-restaurant-menu-brief/index.html (+1ms) 
21:50:27   ├─ /articles/trend-restaurant-menu-checklist/index.html (+1ms) 
21:50:27   ├─ /articles/trend-restaurant-menu-comparison/index.html (+1ms) 
21:50:27   ├─ /articles/trend-restaurant-menu-cost/index.html (+2ms) 
21:50:27   ├─ /articles/trend-restaurant-menu-guide/index.html (+1ms) 
21:50:27   ├─ /articles/trend-restaurant-menu-how-to-choose/index.html (+1ms) 
21:50:27   ├─ /articles/trend-restaurant-menu-mistakes/index.html (+1ms) 
21:50:27   ├─ /articles/trend-restaurant-menu-steps/index.html (+1ms) 
21:50:27   ├─ /articles/trend-restaurant-menu-trends-2026/index.html (+1ms) 
21:50:27   ├─ /articles/trend-smart-print-audit/index.html (+1ms) 
21:50:27   ├─ /articles/trend-smart-print-brief/index.html (+1ms) 
21:50:27   ├─ /articles/trend-smart-print-checklist/index.html (+1ms) 
21:50:27   ├─ /articles/trend-smart-print-comparison/index.html (+1ms) 
21:50:27   ├─ /articles/trend-smart-print-cost/index.html (+1ms) 
21:50:27   ├─ /articles/trend-smart-print-guide/index.html (+1ms) 
21:50:27   ├─ /articles/trend-smart-print-how-to-choose/index.html (+1ms) 
21:50:27   ├─ /articles/trend-smart-print-mistakes/index.html (+1ms) 
21:50:27   ├─ /articles/trend-smart-print-steps/index.html (+2ms) 
21:50:27   ├─ /articles/trend-smart-print-trends-2026/index.html (+2ms) 
21:50:27   ├─ /articles/trend-sustainable-packaging-audit/index.html (+1ms) 
21:50:27   ├─ /articles/trend-sustainable-packaging-brief/index.html (+1ms) 
21:50:27   ├─ /articles/trend-sustainable-packaging-checklist/index.html (+1ms) 
21:50:27   ├─ /articles/trend-sustainable-packaging-comparison/index.html (+1ms) 
21:50:27   ├─ /articles/trend-sustainable-packaging-cost/index.html (+1ms) 
21:50:27   ├─ /articles/trend-sustainable-packaging-guide/index.html (+1ms) 
21:50:27   ├─ /articles/trend-sustainable-packaging-how-to-choose/index.html (+1ms) 
21:50:27   ├─ /articles/trend-sustainable-packaging-mistakes/index.html (+1ms) 
21:50:27   ├─ /articles/trend-sustainable-packaging-steps/index.html (+1ms) 
21:50:27   ├─ /articles/trend-sustainable-packaging-trends-2026/index.html (+1ms) 
21:50:27   ├─ /articles/ad-creatives-guide/index.html (+1ms) 
21:50:27   ├─ /articles/how-to-smm-ad-creatives-check/index.html (+2ms) 
21:50:27   ├─ /articles/how-to-smm-ad-creatives-design/index.html (+3ms) 
21:50:27   ├─ /articles/how-to-smm-ad-creatives-improve/index.html (+1ms) 
21:50:27   ├─ /articles/how-to-smm-ad-creatives-prepare/index.html (+1ms) 
21:50:27   ├─ /articles/how-to-smm-ad-creatives-update/index.html (+1ms) 
21:50:27   ├─ /articles/how-to-smm-content-plan-check/index.html (+1ms) 
21:50:27   ├─ /articles/how-to-smm-content-plan-design/index.html (+1ms) 
21:50:27   ├─ /articles/how-to-smm-content-plan-improve/index.html (+1ms) 
21:50:27   ├─ /articles/how-to-smm-content-plan-prepare/index.html (+1ms) 
21:50:27   ├─ /articles/how-to-smm-content-plan-update/index.html (+1ms) 
21:50:27   ├─ /articles/how-to-smm-content-production-check/index.html (+1ms) 
21:50:27   ├─ /articles/how-to-smm-content-production-design/index.html (+1ms) 
21:50:27   ├─ /articles/how-to-smm-content-production-improve/index.html (+2ms) 
21:50:27   ├─ /articles/how-to-smm-content-production-prepare/index.html (+1ms) 
21:50:27   ├─ /articles/how-to-smm-content-production-update/index.html (+1ms) 
21:50:27   ├─ /articles/how-to-smm-influencer-campaign-check/index.html (+1ms) 
21:50:27   ├─ /articles/how-to-smm-influencer-campaign-design/index.html (+1ms) 
21:50:27   ├─ /articles/how-to-smm-influencer-campaign-improve/index.html (+1ms) 
21:50:27   ├─ /articles/how-to-smm-influencer-campaign-prepare/index.html (+1ms) 
21:50:27   ├─ /articles/how-to-smm-influencer-campaign-update/index.html (+1ms) 
21:50:27   ├─ /articles/how-to-smm-instagram-visual-check/index.html (+1ms) 
21:50:27   ├─ /articles/how-to-smm-instagram-visual-design/index.html (+1ms) 
21:50:27   ├─ /articles/how-to-smm-instagram-visual-improve/index.html (+1ms) 
21:50:27   ├─ /articles/how-to-smm-instagram-visual-prepare/index.html (+1ms) 
21:50:27   ├─ /articles/how-to-smm-instagram-visual-update/index.html (+1ms) 
21:50:27   ├─ /articles/how-to-smm-mobile-shoot-check/index.html (+2ms) 
21:50:27   ├─ /articles/how-to-smm-mobile-shoot-design/index.html (+1ms) 
21:50:27   ├─ /articles/how-to-smm-mobile-shoot-improve/index.html (+1ms) 
21:50:27   ├─ /articles/how-to-smm-mobile-shoot-prepare/index.html (+2ms) 
21:50:27   ├─ /articles/how-to-smm-mobile-shoot-update/index.html (+1ms) 
21:50:27   ├─ /articles/how-to-smm-short-video-check/index.html (+1ms) 
21:50:27   ├─ /articles/how-to-smm-short-video-design/index.html (+1ms) 
21:50:27   ├─ /articles/how-to-smm-short-video-improve/index.html (+1ms) 
21:50:27   ├─ /articles/how-to-smm-short-video-prepare/index.html (+1ms) 
21:50:27   ├─ /articles/how-to-smm-short-video-update/index.html (+1ms) 
21:50:27   ├─ /articles/how-to-smm-smm-report-check/index.html (+1ms) 
21:50:27   ├─ /articles/how-to-smm-smm-report-design/index.html (+1ms) 
21:50:27   ├─ /articles/how-to-smm-smm-report-improve/index.html (+1ms) 
21:50:27   ├─ /articles/how-to-smm-smm-report-prepare/index.html (+2ms) 
21:50:27   ├─ /articles/how-to-smm-smm-report-update/index.html (+2ms) 
21:50:27   ├─ /articles/how-to-smm-smm-strategy-check/index.html (+2ms) 
21:50:27   ├─ /articles/how-to-smm-smm-strategy-design/index.html (+1ms) 
21:50:27   ├─ /articles/how-to-smm-smm-strategy-improve/index.html (+1ms) 
21:50:27   ├─ /articles/how-to-smm-smm-strategy-prepare/index.html (+1ms) 
21:50:27   ├─ /articles/how-to-smm-smm-strategy-update/index.html (+1ms) 
21:50:27   ├─ /articles/how-to-smm-ugc-campaign-check/index.html (+1ms) 
21:50:27   ├─ /articles/how-to-smm-ugc-campaign-design/index.html (+1ms) 
21:50:27   ├─ /articles/how-to-smm-ugc-campaign-improve/index.html (+2ms) 
21:50:27   ├─ /articles/how-to-smm-ugc-campaign-prepare/index.html (+1ms) 
21:50:27   ├─ /articles/how-to-smm-ugc-campaign-update/index.html (+2ms) 
21:50:27   ├─ /articles/instagram-visual-system/index.html (+2ms) 
21:50:27   ├─ /articles/trend-ai-content-audit/index.html (+2ms) 
21:50:27   ├─ /articles/trend-ai-content-brief/index.html (+1ms) 
21:50:27   ├─ /articles/trend-ai-content-checklist/index.html (+3ms) 
21:50:27   ├─ /articles/trend-ai-content-comparison/index.html (+1ms) 
21:50:27   ├─ /articles/trend-ai-content-cost/index.html (+1ms) 
21:50:27   ├─ /articles/trend-ai-content-guide/index.html (+1ms) 
21:50:27   ├─ /articles/trend-ai-content-how-to-choose/index.html (+1ms) 
21:50:27   ├─ /articles/trend-ai-content-mistakes/index.html (+1ms) 
21:50:27   ├─ /articles/trend-ai-content-steps/index.html (+2ms) 
21:50:27   ├─ /articles/trend-ai-content-trends-2026/index.html (+2ms) 
21:50:27   ├─ /articles/trend-content-plan-audit/index.html (+1ms) 
21:50:27   ├─ /articles/trend-content-plan-brief/index.html (+1ms) 
21:50:27   ├─ /articles/trend-content-plan-checklist/index.html (+1ms) 
21:50:27   ├─ /articles/trend-content-plan-comparison/index.html (+1ms) 
21:50:27   ├─ /articles/trend-content-plan-cost/index.html (+1ms) 
21:50:27   ├─ /articles/trend-content-plan-guide/index.html (+1ms) 
21:50:27   ├─ /articles/trend-content-plan-how-to-choose/index.html (+1ms) 
21:50:27   ├─ /articles/trend-content-plan-mistakes/index.html (+1ms) 
21:50:27   ├─ /articles/trend-content-plan-steps/index.html (+1ms) 
21:50:27   ├─ /articles/trend-content-plan-trends-2026/index.html (+1ms) 
21:50:27   ├─ /articles/trend-influencer-content-audit/index.html (+1ms) 
21:50:27   ├─ /articles/trend-influencer-content-brief/index.html (+2ms) 
21:50:27   ├─ /articles/trend-influencer-content-checklist/index.html (+2ms) 
21:50:27   ├─ /articles/trend-influencer-content-comparison/index.html (+1ms) 
21:50:27   ├─ /articles/trend-influencer-content-cost/index.html (+1ms) 
21:50:27   ├─ /articles/trend-influencer-content-guide/index.html (+1ms) 
21:50:27   ├─ /articles/trend-influencer-content-how-to-choose/index.html (+1ms) 
21:50:27   ├─ /articles/trend-influencer-content-mistakes/index.html (+1ms) 
21:50:27   ├─ /articles/trend-influencer-content-steps/index.html (+1ms) 
21:50:27   ├─ /articles/trend-influencer-content-trends-2026/index.html (+1ms) 
21:50:27   ├─ /articles/trend-instagram-visual-audit/index.html (+1ms) 
21:50:27   ├─ /articles/trend-instagram-visual-brief/index.html (+1ms) 
21:50:27   ├─ /articles/trend-instagram-visual-checklist/index.html (+1ms) 
21:50:27   ├─ /articles/trend-instagram-visual-comparison/index.html (+1ms) 
21:50:27   ├─ /articles/trend-instagram-visual-cost/index.html (+1ms) 
21:50:27   ├─ /articles/trend-instagram-visual-guide/index.html (+2ms) 
21:50:27   ├─ /articles/trend-instagram-visual-how-to-choose/index.html (+2ms) 
21:50:27   ├─ /articles/trend-instagram-visual-mistakes/index.html (+1ms) 
21:50:27   ├─ /articles/trend-instagram-visual-steps/index.html (+1ms) 
21:50:27   ├─ /articles/trend-instagram-visual-trends-2026/index.html (+1ms) 
21:50:27   ├─ /articles/trend-mobile-content-audit/index.html (+1ms) 
21:50:27   ├─ /articles/trend-mobile-content-brief/index.html (+1ms) 
21:50:27   ├─ /articles/trend-mobile-content-checklist/index.html (+1ms) 
21:50:27   ├─ /articles/trend-mobile-content-comparison/index.html (+1ms) 
21:50:27   ├─ /articles/trend-mobile-content-cost/index.html (+1ms) 
21:50:27   ├─ /articles/trend-mobile-content-guide/index.html (+1ms) 
21:50:27   ├─ /articles/trend-mobile-content-how-to-choose/index.html (+1ms) 
21:50:27   ├─ /articles/trend-mobile-content-mistakes/index.html (+2ms) 
21:50:27   ├─ /articles/trend-mobile-content-steps/index.html (+1ms) 
21:50:27   ├─ /articles/trend-mobile-content-trends-2026/index.html (+1ms) 
21:50:27   ├─ /articles/trend-reels-audit/index.html (+1ms) 
21:50:27   ├─ /articles/trend-reels-brief/index.html (+1ms) 
21:50:27   ├─ /articles/trend-reels-checklist/index.html (+1ms) 
21:50:27   ├─ /articles/trend-reels-comparison/index.html (+1ms) 
21:50:27   ├─ /articles/trend-reels-cost/index.html (+1ms) 
21:50:27   ├─ /articles/trend-reels-guide/index.html (+2ms) 
21:50:27   ├─ /articles/trend-reels-how-to-choose/index.html (+1ms) 
21:50:27   ├─ /articles/trend-reels-mistakes/index.html (+1ms) 
21:50:27   ├─ /articles/trend-reels-steps/index.html (+1ms) 
21:50:27   ├─ /articles/trend-reels-trends-2026/index.html (+1ms) 
21:50:27   ├─ /articles/trend-smm-analytics-audit/index.html (+1ms) 
21:50:27   ├─ /articles/trend-smm-analytics-brief/index.html (+1ms) 
21:50:27   ├─ /articles/trend-smm-analytics-checklist/index.html (+1ms) 
21:50:27   ├─ /articles/trend-smm-analytics-comparison/index.html (+1ms) 
21:50:27   ├─ /articles/trend-smm-analytics-cost/index.html (+1ms) 
21:50:27   ├─ /articles/trend-smm-analytics-guide/index.html (+1ms) 
21:50:27   ├─ /articles/trend-smm-analytics-how-to-choose/index.html (+1ms) 
21:50:27   ├─ /articles/trend-smm-analytics-mistakes/index.html (+1ms) 
21:50:27   ├─ /articles/trend-smm-analytics-steps/index.html (+1ms) 
21:50:27   ├─ /articles/trend-smm-analytics-trends-2026/index.html (+1ms) 
21:50:27   ├─ /articles/trend-smm-strategy-audit/index.html (+1ms) 
21:50:27   ├─ /articles/trend-smm-strategy-brief/index.html (+1ms) 
21:50:27   ├─ /articles/trend-smm-strategy-checklist/index.html (+1ms) 
21:50:27   ├─ /articles/trend-smm-strategy-comparison/index.html (+1ms) 
21:50:27   ├─ /articles/trend-smm-strategy-cost/index.html (+1ms) 
21:50:27   ├─ /articles/trend-smm-strategy-guide/index.html (+1ms) 
21:50:27   ├─ /articles/trend-smm-strategy-how-to-choose/index.html (+1ms) 
21:50:27   ├─ /articles/trend-smm-strategy-mistakes/index.html (+1ms) 
21:50:27   ├─ /articles/trend-smm-strategy-steps/index.html (+1ms) 
21:50:27   ├─ /articles/trend-smm-strategy-trends-2026/index.html (+1ms) 
21:50:27   ├─ /articles/trend-social-commerce-audit/index.html (+1ms) 
21:50:27   ├─ /articles/trend-social-commerce-brief/index.html (+1ms) 
21:50:27   ├─ /articles/trend-social-commerce-checklist/index.html (+1ms) 
21:50:27   ├─ /articles/trend-social-commerce-comparison/index.html (+1ms) 
21:50:27   ├─ /articles/trend-social-commerce-cost/index.html (+1ms) 
21:50:27   ├─ /articles/trend-social-commerce-guide/index.html (+1ms) 
21:50:27   ├─ /articles/trend-social-commerce-how-to-choose/index.html (+1ms) 
21:50:27   ├─ /articles/trend-social-commerce-mistakes/index.html (+1ms) 
21:50:27   ├─ /articles/trend-social-commerce-steps/index.html (+2ms) 
21:50:27   ├─ /articles/trend-social-commerce-trends-2026/index.html (+1ms) 
21:50:27   ├─ /articles/trend-ugc-audit/index.html (+1ms) 
21:50:27   ├─ /articles/trend-ugc-brief/index.html (+1ms) 
21:50:27   ├─ /articles/trend-ugc-checklist/index.html (+1ms) 
21:50:27   ├─ /articles/trend-ugc-comparison/index.html (+1ms) 
21:50:27   ├─ /articles/trend-ugc-cost/index.html (+1ms) 
21:50:27   ├─ /articles/trend-ugc-guide/index.html (+1ms) 
21:50:27   ├─ /articles/trend-ugc-how-to-choose/index.html (+1ms) 
21:50:27   ├─ /articles/trend-ugc-mistakes/index.html (+1ms) 
21:50:27   ├─ /articles/trend-ugc-steps/index.html (+1ms) 
21:50:27   ├─ /articles/trend-ugc-trends-2026/index.html (+1ms) 
21:50:27   ├─ /articles/ugc-content-for-brands/index.html (+1ms) 
21:50:27   ├─ /articles/what-is-smm/index.html (+1ms) 
21:50:27   ├─ /articles/design-subscription/index.html (+1ms) 
21:50:27   ├─ /articles/external-art-department/index.html (+1ms) 
21:50:27   ├─ /articles/how-to-support-approval-process-check/index.html (+1ms) 
21:50:27   ├─ /articles/how-to-support-approval-process-design/index.html (+1ms) 
21:50:27   ├─ /articles/how-to-support-approval-process-improve/index.html (+1ms) 
21:50:27   ├─ /articles/how-to-support-approval-process-prepare/index.html (+1ms) 
21:50:27   ├─ /articles/how-to-support-approval-process-update/index.html (+3ms) 
21:50:27   ├─ /articles/how-to-support-brand-control-check/index.html (+2ms) 
21:50:27   ├─ /articles/how-to-support-brand-control-design/index.html (+1ms) 
21:50:27   ├─ /articles/how-to-support-brand-control-improve/index.html (+2ms) 
21:50:27   ├─ /articles/how-to-support-brand-control-prepare/index.html (+2ms) 
21:50:27   ├─ /articles/how-to-support-brand-control-update/index.html (+3ms) 
21:50:27   ├─ /articles/how-to-support-content-flow-check/index.html (+2ms) 
21:50:27   ├─ /articles/how-to-support-content-flow-design/index.html (+2ms) 
21:50:27   ├─ /articles/how-to-support-content-flow-improve/index.html (+2ms) 
21:50:27   ├─ /articles/how-to-support-content-flow-prepare/index.html (+1ms) 
21:50:27   ├─ /articles/how-to-support-content-flow-update/index.html (+3ms) 
21:50:27   ├─ /articles/how-to-support-design-brief-check/index.html (+2ms) 
21:50:27   ├─ /articles/how-to-support-design-brief-design/index.html (+2ms) 
21:50:27   ├─ /articles/how-to-support-design-brief-improve/index.html (+3ms) 
21:50:27   ├─ /articles/how-to-support-design-brief-prepare/index.html (+3ms) 
21:50:27   ├─ /articles/how-to-support-design-brief-update/index.html (+2ms) 
21:50:27   ├─ /articles/how-to-support-design-sla-check/index.html (+2ms) 
21:50:27   ├─ /articles/how-to-support-design-sla-design/index.html (+4ms) 
21:50:27   ├─ /articles/how-to-support-design-sla-improve/index.html (+2ms) 
21:50:27   ├─ /articles/how-to-support-design-sla-prepare/index.html (+3ms) 
21:50:27   ├─ /articles/how-to-support-design-sla-update/index.html (+4ms) 
21:50:27   ├─ /articles/how-to-support-design-subscription-check/index.html (+2ms) 
21:50:27   ├─ /articles/how-to-support-design-subscription-design/index.html (+2ms) 
21:50:27   ├─ /articles/how-to-support-design-subscription-improve/index.html (+2ms) 
21:50:27   ├─ /articles/how-to-support-design-subscription-prepare/index.html (+3ms) 
21:50:27   ├─ /articles/how-to-support-design-subscription-update/index.html (+3ms) 
21:50:27   ├─ /articles/how-to-support-outsourced-team-check/index.html (+2ms) 
21:50:27   ├─ /articles/how-to-support-outsourced-team-design/index.html (+2ms) 
21:50:27   ├─ /articles/how-to-support-outsourced-team-improve/index.html (+2ms) 
21:50:27   ├─ /articles/how-to-support-outsourced-team-prepare/index.html (+1ms) 
21:50:27   ├─ /articles/how-to-support-outsourced-team-update/index.html (+2ms) 
21:50:27   ├─ /articles/how-to-support-source-archive-check/index.html (+3ms) 
21:50:27   ├─ /articles/how-to-support-source-archive-design/index.html (+2ms) 
21:50:27   ├─ /articles/how-to-support-source-archive-improve/index.html (+4ms) 
21:50:27   ├─ /articles/how-to-support-source-archive-prepare/index.html (+3ms) 
21:50:27   ├─ /articles/how-to-support-source-archive-update/index.html (+2ms) 
21:50:27   ├─ /articles/how-to-support-task-queue-check/index.html (+2ms) 
21:50:27   ├─ /articles/how-to-support-task-queue-design/index.html (+3ms) 
21:50:27   ├─ /articles/how-to-support-task-queue-improve/index.html (+2ms) 
21:50:27   ├─ /articles/how-to-support-task-queue-prepare/index.html (+3ms) 
21:50:27   ├─ /articles/how-to-support-task-queue-update/index.html (+2ms) 
21:50:27   ├─ /articles/how-to-support-template-system-check/index.html (+2ms) 
21:50:27   ├─ /articles/how-to-support-template-system-design/index.html (+2ms) 
21:50:27   ├─ /articles/how-to-support-template-system-improve/index.html (+2ms) 
21:50:27   ├─ /articles/how-to-support-template-system-prepare/index.html (+3ms) 
21:50:27   ├─ /articles/how-to-support-template-system-update/index.html (+3ms) 
21:50:27   ├─ /articles/how-to-write-design-brief/index.html (+2ms) 
21:50:27   ├─ /articles/inhouse-vs-outsourced-designer/index.html (+2ms) 
21:50:27   ├─ /articles/trend-ai-design-workflow-audit/index.html (+2ms) 
21:50:27   ├─ /articles/trend-ai-design-workflow-brief/index.html (+2ms) 
21:50:27   ├─ /articles/trend-ai-design-workflow-checklist/index.html (+2ms) 
21:50:27   ├─ /articles/trend-ai-design-workflow-comparison/index.html (+2ms) 
21:50:27   ├─ /articles/trend-ai-design-workflow-cost/index.html (+4ms) 
21:50:27   ├─ /articles/trend-ai-design-workflow-guide/index.html (+2ms) 
21:50:27   ├─ /articles/trend-ai-design-workflow-how-to-choose/index.html (+2ms) 
21:50:27   ├─ /articles/trend-ai-design-workflow-mistakes/index.html (+2ms) 
21:50:27   ├─ /articles/trend-ai-design-workflow-steps/index.html (+2ms) 
21:50:27   ├─ /articles/trend-ai-design-workflow-trends-2026/index.html (+2ms) 
21:50:27   ├─ /articles/trend-brand-governance-audit/index.html (+3ms) 
21:50:27   ├─ /articles/trend-brand-governance-brief/index.html (+4ms) 
21:50:27   ├─ /articles/trend-brand-governance-checklist/index.html (+2ms) 
21:50:27   ├─ /articles/trend-brand-governance-comparison/index.html (+2ms) 
21:50:27   ├─ /articles/trend-brand-governance-cost/index.html (+1ms) 
21:50:27   ├─ /articles/trend-brand-governance-guide/index.html (+1ms) 
21:50:27   ├─ /articles/trend-brand-governance-how-to-choose/index.html (+1ms) 
21:50:27   ├─ /articles/trend-brand-governance-mistakes/index.html (+2ms) 
21:50:27   ├─ /articles/trend-brand-governance-steps/index.html (+2ms) 
21:50:27   ├─ /articles/trend-brand-governance-trends-2026/index.html (+1ms) 
21:50:27   ├─ /articles/trend-content-production-audit/index.html (+5ms) 
21:50:27   ├─ /articles/trend-content-production-brief/index.html (+3ms) 
21:50:27   ├─ /articles/trend-content-production-checklist/index.html (+2ms) 
21:50:27   ├─ /articles/trend-content-production-comparison/index.html (+2ms) 
21:50:27   ├─ /articles/trend-content-production-cost/index.html (+3ms) 
21:50:27   ├─ /articles/trend-content-production-guide/index.html (+3ms) 
21:50:27   ├─ /articles/trend-content-production-how-to-choose/index.html (+3ms) 
21:50:27   ├─ /articles/trend-content-production-mistakes/index.html (+2ms) 
21:50:27   ├─ /articles/trend-content-production-steps/index.html (+2ms) 
21:50:27   ├─ /articles/trend-content-production-trends-2026/index.html (+2ms) 
21:50:27   ├─ /articles/trend-design-brief-audit/index.html (+6ms) 
21:50:27   ├─ /articles/trend-design-brief-brief/index.html (+6ms) 
21:50:27   ├─ /articles/trend-design-brief-checklist/index.html (+3ms) 
21:50:27   ├─ /articles/trend-design-brief-comparison/index.html (+2ms) 
21:50:28   ├─ /articles/trend-design-brief-cost/index.html (+3ms) 
21:50:28   ├─ /articles/trend-design-brief-guide/index.html (+3ms) 
21:50:28   ├─ /articles/trend-design-brief-how-to-choose/index.html (+3ms) 
21:50:28   ├─ /articles/trend-design-brief-mistakes/index.html (+8ms) 
21:50:28   ├─ /articles/trend-design-brief-steps/index.html (+5ms) 
21:50:28   ├─ /articles/trend-design-brief-trends-2026/index.html (+2ms) 
21:50:28   ├─ /articles/trend-design-ops-audit/index.html (+4ms) 
21:50:28   ├─ /articles/trend-design-ops-brief/index.html (+2ms) 
21:50:28   ├─ /articles/trend-design-ops-checklist/index.html (+2ms) 
21:50:28   ├─ /articles/trend-design-ops-comparison/index.html (+2ms) 
21:50:28   ├─ /articles/trend-design-ops-cost/index.html (+2ms) 
21:50:28   ├─ /articles/trend-design-ops-guide/index.html (+2ms) 
21:50:28   ├─ /articles/trend-design-ops-how-to-choose/index.html (+2ms) 
21:50:28   ├─ /articles/trend-design-ops-mistakes/index.html (+4ms) 
21:50:28   ├─ /articles/trend-design-ops-steps/index.html (+2ms) 
21:50:28   ├─ /articles/trend-design-ops-trends-2026/index.html (+2ms) 
21:50:28   ├─ /articles/trend-design-sla-audit/index.html (+2ms) 
21:50:28   ├─ /articles/trend-design-sla-brief/index.html (+2ms) 
21:50:28   ├─ /articles/trend-design-sla-checklist/index.html (+2ms) 
21:50:28   ├─ /articles/trend-design-sla-comparison/index.html (+2ms) 
21:50:28   ├─ /articles/trend-design-sla-cost/index.html (+3ms) 
21:50:28   ├─ /articles/trend-design-sla-guide/index.html (+2ms) 
21:50:28   ├─ /articles/trend-design-sla-how-to-choose/index.html (+1ms) 
21:50:28   ├─ /articles/trend-design-sla-mistakes/index.html (+3ms) 
21:50:28   ├─ /articles/trend-design-sla-steps/index.html (+2ms) 
21:50:28   ├─ /articles/trend-design-sla-trends-2026/index.html (+2ms) 
21:50:28   ├─ /articles/trend-design-subscription-audit/index.html (+2ms) 
21:50:28   ├─ /articles/trend-design-subscription-brief/index.html (+1ms) 
21:50:28   ├─ /articles/trend-design-subscription-checklist/index.html (+1ms) 
21:50:28   ├─ /articles/trend-design-subscription-comparison/index.html (+2ms) 
21:50:28   ├─ /articles/trend-design-subscription-cost/index.html (+2ms) 
21:50:28   ├─ /articles/trend-design-subscription-guide/index.html (+1ms) 
21:50:28   ├─ /articles/trend-design-subscription-how-to-choose/index.html (+1ms) 
21:50:28   ├─ /articles/trend-design-subscription-mistakes/index.html (+1ms) 
21:50:28   ├─ /articles/trend-design-subscription-steps/index.html (+1ms) 
21:50:28   ├─ /articles/trend-design-subscription-trends-2026/index.html (+1ms) 
21:50:28   ├─ /articles/trend-external-art-team-audit/index.html (+2ms) 
21:50:28   ├─ /articles/trend-external-art-team-brief/index.html (+2ms) 
21:50:28   ├─ /articles/trend-external-art-team-checklist/index.html (+1ms) 
21:50:28   ├─ /articles/trend-external-art-team-comparison/index.html (+1ms) 
21:50:28   ├─ /articles/trend-external-art-team-cost/index.html (+2ms) 
21:50:28   ├─ /articles/trend-external-art-team-guide/index.html (+2ms) 
21:50:28   ├─ /articles/trend-external-art-team-how-to-choose/index.html (+2ms) 
21:50:28   ├─ /articles/trend-external-art-team-mistakes/index.html (+1ms) 
21:50:28   ├─ /articles/trend-external-art-team-steps/index.html (+1ms) 
21:50:28   ├─ /articles/trend-external-art-team-trends-2026/index.html (+1ms) 
21:50:28   ├─ /articles/trend-inhouse-vs-outsourcing-audit/index.html (+2ms) 
21:50:28   ├─ /articles/trend-inhouse-vs-outsourcing-brief/index.html (+2ms) 
21:50:28   ├─ /articles/trend-inhouse-vs-outsourcing-checklist/index.html (+2ms) 
21:50:28   ├─ /articles/trend-inhouse-vs-outsourcing-comparison/index.html (+1ms) 
21:50:28   ├─ /articles/trend-inhouse-vs-outsourcing-cost/index.html (+2ms) 
21:50:28   ├─ /articles/trend-inhouse-vs-outsourcing-guide/index.html (+2ms) 
21:50:28   ├─ /articles/trend-inhouse-vs-outsourcing-how-to-choose/index.html (+1ms) 
21:50:28   ├─ /articles/trend-inhouse-vs-outsourcing-mistakes/index.html (+1ms) 
21:50:28   ├─ /articles/trend-inhouse-vs-outsourcing-steps/index.html (+1ms) 
21:50:28   ├─ /articles/trend-inhouse-vs-outsourcing-trends-2026/index.html (+1ms) 
21:50:28   ├─ /articles/trend-outsourced-designer-audit/index.html (+2ms) 
21:50:28   ├─ /articles/trend-outsourced-designer-brief/index.html (+1ms) 
21:50:28   ├─ /articles/trend-outsourced-designer-checklist/index.html (+1ms) 
21:50:28   ├─ /articles/trend-outsourced-designer-comparison/index.html (+1ms) 
21:50:28   ├─ /articles/trend-outsourced-designer-cost/index.html (+1ms) 
21:50:28   ├─ /articles/trend-outsourced-designer-guide/index.html (+1ms) 
21:50:28   ├─ /articles/trend-outsourced-designer-how-to-choose/index.html (+2ms) 
21:50:28   ├─ /articles/trend-outsourced-designer-mistakes/index.html (+1ms) 
21:50:28   ├─ /articles/trend-outsourced-designer-steps/index.html (+3ms) 
21:50:28   ├─ /articles/trend-outsourced-designer-trends-2026/index.html (+1ms) 
21:50:28   ├─ /articles/how-to-connect-website-to-crm/index.html (+1ms) 
21:50:28   ├─ /articles/how-to-improve-website-conversion/index.html (+2ms) 
21:50:28   ├─ /articles/how-to-prepare-website-for-contextual-ads/index.html (+1ms) 
21:50:28   ├─ /articles/how-to-set-up-website-analytics/index.html (+1ms) 
21:50:28   ├─ /articles/how-to-websites-ad-landing-check/index.html (+1ms) 
21:50:28   ├─ /articles/how-to-websites-ad-landing-design/index.html (+1ms) 
21:50:28   ├─ /articles/how-to-websites-ad-landing-improve/index.html (+2ms) 
21:50:28   ├─ /articles/how-to-websites-ad-landing-prepare/index.html (+2ms) 
21:50:28   ├─ /articles/how-to-websites-ad-landing-update/index.html (+1ms) 
21:50:28   ├─ /articles/how-to-websites-corporate-site-check/index.html (+1ms) 
21:50:28   ├─ /articles/how-to-websites-corporate-site-design/index.html (+3ms) 
21:50:28   ├─ /articles/how-to-websites-corporate-site-improve/index.html (+2ms) 
21:50:28   ├─ /articles/how-to-websites-corporate-site-prepare/index.html (+1ms) 
21:50:28   ├─ /articles/how-to-websites-corporate-site-update/index.html (+1ms) 
21:50:28   ├─ /articles/how-to-websites-crm-integration-check/index.html (+1ms) 
21:50:28   ├─ /articles/how-to-websites-crm-integration-design/index.html (+1ms) 
21:50:28   ├─ /articles/how-to-websites-crm-integration-improve/index.html (+1ms) 
21:50:28   ├─ /articles/how-to-websites-crm-integration-prepare/index.html (+2ms) 
21:50:28   ├─ /articles/how-to-websites-crm-integration-update/index.html (+2ms) 
21:50:28   ├─ /articles/how-to-websites-lead-form-check/index.html (+1ms) 
21:50:28   ├─ /articles/how-to-websites-lead-form-design/index.html (+1ms) 
21:50:28   ├─ /articles/how-to-websites-lead-form-improve/index.html (+1ms) 
21:50:28   ├─ /articles/how-to-websites-lead-form-prepare/index.html (+1ms) 
21:50:28   ├─ /articles/how-to-websites-lead-form-update/index.html (+1ms) 
21:50:28   ├─ /articles/how-to-websites-mobile-version-check/index.html (+1ms) 
21:50:28   ├─ /articles/how-to-websites-mobile-version-design/index.html (+1ms) 
21:50:28   ├─ /articles/how-to-websites-mobile-version-improve/index.html (+1ms) 
21:50:28   ├─ /articles/how-to-websites-mobile-version-prepare/index.html (+1ms) 
21:50:28   ├─ /articles/how-to-websites-mobile-version-update/index.html (+3ms) 
21:50:28   ├─ /articles/how-to-websites-online-store-check/index.html (+2ms) 
21:50:28   ├─ /articles/how-to-websites-online-store-design/index.html (+2ms) 
21:50:28   ├─ /articles/how-to-websites-online-store-improve/index.html (+2ms) 
21:50:28   ├─ /articles/how-to-websites-online-store-prepare/index.html (+2ms) 
21:50:28   ├─ /articles/how-to-websites-online-store-update/index.html (+2ms) 
21:50:28   ├─ /articles/how-to-websites-seo-structure-check/index.html (+2ms) 
21:50:28   ├─ /articles/how-to-websites-seo-structure-design/index.html (+1ms) 
21:50:28   ├─ /articles/how-to-websites-seo-structure-improve/index.html (+3ms) 
21:50:28   ├─ /articles/how-to-websites-seo-structure-prepare/index.html (+3ms) 
21:50:28   ├─ /articles/how-to-websites-seo-structure-update/index.html (+2ms) 
21:50:28   ├─ /articles/how-to-websites-service-page-check/index.html (+2ms) 
21:50:28   ├─ /articles/how-to-websites-service-page-design/index.html (+2ms) 
21:50:28   ├─ /articles/how-to-websites-service-page-improve/index.html (+1ms) 
21:50:28   ├─ /articles/how-to-websites-service-page-prepare/index.html (+2ms) 
21:50:28   ├─ /articles/how-to-websites-service-page-update/index.html (+2ms) 
21:50:28   ├─ /articles/how-to-websites-web-analytics-check/index.html (+2ms) 
21:50:28   ├─ /articles/how-to-websites-web-analytics-design/index.html (+4ms) 
21:50:28   ├─ /articles/how-to-websites-web-analytics-improve/index.html (+2ms) 
21:50:28   ├─ /articles/how-to-websites-web-analytics-prepare/index.html (+2ms) 
21:50:28   ├─ /articles/how-to-websites-web-analytics-update/index.html (+2ms) 
21:50:28   ├─ /articles/how-to-websites-website-redesign-check/index.html (+2ms) 
21:50:28   ├─ /articles/how-to-websites-website-redesign-design/index.html (+2ms) 
21:50:28   ├─ /articles/how-to-websites-website-redesign-improve/index.html (+2ms) 
21:50:28   ├─ /articles/how-to-websites-website-redesign-prepare/index.html (+1ms) 
21:50:28   ├─ /articles/how-to-websites-website-redesign-update/index.html (+1ms) 
21:50:28   ├─ /articles/landing-vs-corporate-site/index.html (+2ms) 
21:50:28   ├─ /articles/seo-before-website-development/index.html (+2ms) 
21:50:28   ├─ /articles/trend-accessible-mobile-audit/index.html (+2ms) 
21:50:28   ├─ /articles/trend-accessible-mobile-brief/index.html (+1ms) 
21:50:28   ├─ /articles/trend-accessible-mobile-checklist/index.html (+2ms) 
21:50:28   ├─ /articles/trend-accessible-mobile-comparison/index.html (+1ms) 
21:50:28   ├─ /articles/trend-accessible-mobile-cost/index.html (+2ms) 
21:50:28   ├─ /articles/trend-accessible-mobile-guide/index.html (+1ms) 
21:50:28   ├─ /articles/trend-accessible-mobile-how-to-choose/index.html (+3ms) 
21:50:28   ├─ /articles/trend-accessible-mobile-mistakes/index.html (+3ms) 
21:50:28   ├─ /articles/trend-accessible-mobile-steps/index.html (+2ms) 
21:50:28   ├─ /articles/trend-accessible-mobile-trends-2026/index.html (+2ms) 
21:50:28   ├─ /articles/trend-ai-website-audit/index.html (+2ms) 
21:50:28   ├─ /articles/trend-ai-website-brief/index.html (+2ms) 
21:50:28   ├─ /articles/trend-ai-website-checklist/index.html (+1ms) 
21:50:28   ├─ /articles/trend-ai-website-comparison/index.html (+1ms) 
21:50:28   ├─ /articles/trend-ai-website-cost/index.html (+1ms) 
21:50:28   ├─ /articles/trend-ai-website-guide/index.html (+2ms) 
21:50:28   ├─ /articles/trend-ai-website-how-to-choose/index.html (+1ms) 
21:50:28   ├─ /articles/trend-ai-website-mistakes/index.html (+2ms) 
21:50:28   ├─ /articles/trend-ai-website-steps/index.html (+2ms) 
21:50:28   ├─ /articles/trend-ai-website-trends-2026/index.html (+2ms) 
21:50:28   ├─ /articles/trend-core-web-vitals-audit/index.html (+1ms) 
21:50:28   ├─ /articles/trend-core-web-vitals-brief/index.html (+1ms) 
21:50:28   ├─ /articles/trend-core-web-vitals-checklist/index.html (+1ms) 
21:50:28   ├─ /articles/trend-core-web-vitals-comparison/index.html (+1ms) 
21:50:28   ├─ /articles/trend-core-web-vitals-cost/index.html (+1ms) 
21:50:28   ├─ /articles/trend-core-web-vitals-guide/index.html (+1ms) 
21:50:28   ├─ /articles/trend-core-web-vitals-how-to-choose/index.html (+1ms) 
21:50:28   ├─ /articles/trend-core-web-vitals-mistakes/index.html (+1ms) 
21:50:28   ├─ /articles/trend-core-web-vitals-steps/index.html (+1ms) 
21:50:28   ├─ /articles/trend-core-web-vitals-trends-2026/index.html (+2ms) 
21:50:28   ├─ /articles/trend-corporate-website-audit/index.html (+2ms) 
21:50:28   ├─ /articles/trend-corporate-website-brief/index.html (+1ms) 
21:50:28   ├─ /articles/trend-corporate-website-checklist/index.html (+1ms) 
21:50:28   ├─ /articles/trend-corporate-website-comparison/index.html (+1ms) 
21:50:28   ├─ /articles/trend-corporate-website-cost/index.html (+1ms) 
21:50:28   ├─ /articles/trend-corporate-website-guide/index.html (+1ms) 
21:50:28   ├─ /articles/trend-corporate-website-how-to-choose/index.html (+1ms) 
21:50:28   ├─ /articles/trend-corporate-website-mistakes/index.html (+1ms) 
21:50:28   ├─ /articles/trend-corporate-website-steps/index.html (+1ms) 
21:50:28   ├─ /articles/trend-corporate-website-trends-2026/index.html (+1ms) 
21:50:28   ├─ /articles/trend-landing-page-audit/index.html (+2ms) 
21:50:28   ├─ /articles/trend-landing-page-brief/index.html (+2ms) 
21:50:28   ├─ /articles/trend-landing-page-checklist/index.html (+2ms) 
21:50:28   ├─ /articles/trend-landing-page-comparison/index.html (+2ms) 
21:50:28   ├─ /articles/trend-landing-page-cost/index.html (+1ms) 
21:50:28   ├─ /articles/trend-landing-page-guide/index.html (+2ms) 
21:50:28   ├─ /articles/trend-landing-page-how-to-choose/index.html (+1ms) 
21:50:28   ├─ /articles/trend-landing-page-mistakes/index.html (+2ms) 
21:50:28   ├─ /articles/trend-landing-page-steps/index.html (+1ms) 
21:50:28   ├─ /articles/trend-landing-page-trends-2026/index.html (+1ms) 
21:50:28   ├─ /articles/trend-online-store-audit/index.html (+2ms) 
21:50:28   ├─ /articles/trend-online-store-brief/index.html (+2ms) 
21:50:28   ├─ /articles/trend-online-store-checklist/index.html (+1ms) 
21:50:28   ├─ /articles/trend-online-store-comparison/index.html (+1ms) 
21:50:28   ├─ /articles/trend-online-store-cost/index.html (+1ms) 
21:50:28   ├─ /articles/trend-online-store-guide/index.html (+1ms) 
21:50:28   ├─ /articles/trend-online-store-how-to-choose/index.html (+1ms) 
21:50:28   ├─ /articles/trend-online-store-mistakes/index.html (+1ms) 
21:50:28   ├─ /articles/trend-online-store-steps/index.html (+1ms) 
21:50:28   ├─ /articles/trend-online-store-trends-2026/index.html (+12ms) 
21:50:28   ├─ /articles/trend-seo-first-audit/index.html (+2ms) 
21:50:28   ├─ /articles/trend-seo-first-brief/index.html (+2ms) 
21:50:28   ├─ /articles/trend-seo-first-checklist/index.html (+2ms) 
21:50:28   ├─ /articles/trend-seo-first-comparison/index.html (+1ms) 
21:50:28   ├─ /articles/trend-seo-first-cost/index.html (+1ms) 
21:50:28   ├─ /articles/trend-seo-first-guide/index.html (+1ms) 
21:50:28   ├─ /articles/trend-seo-first-how-to-choose/index.html (+2ms) 
21:50:28   ├─ /articles/trend-seo-first-mistakes/index.html (+2ms) 
21:50:28   ├─ /articles/trend-seo-first-steps/index.html (+1ms) 
21:50:28   ├─ /articles/trend-seo-first-trends-2026/index.html (+1ms) 
21:50:28   ├─ /articles/trend-tilda-website-audit/index.html (+1ms) 
21:50:28   ├─ /articles/trend-tilda-website-brief/index.html (+1ms) 
21:50:28   ├─ /articles/trend-tilda-website-checklist/index.html (+1ms) 
21:50:28   ├─ /articles/trend-tilda-website-comparison/index.html (+1ms) 
21:50:28   ├─ /articles/trend-tilda-website-cost/index.html (+1ms) 
21:50:28   ├─ /articles/trend-tilda-website-guide/index.html (+1ms) 
21:50:28   ├─ /articles/trend-tilda-website-how-to-choose/index.html (+1ms) 
21:50:28   ├─ /articles/trend-tilda-website-mistakes/index.html (+1ms) 
21:50:28   ├─ /articles/trend-tilda-website-steps/index.html (+2ms) 
21:50:28   ├─ /articles/trend-tilda-website-trends-2026/index.html (+2ms) 
21:50:28   ├─ /articles/trend-website-redesign-audit/index.html (+1ms) 
21:50:28   ├─ /articles/trend-website-redesign-brief/index.html (+1ms) 
21:50:28   ├─ /articles/trend-website-redesign-checklist/index.html (+1ms) 
21:50:28   ├─ /articles/trend-website-redesign-comparison/index.html (+1ms) 
21:50:28   ├─ /articles/trend-website-redesign-cost/index.html (+1ms) 
21:50:28   ├─ /articles/trend-website-redesign-guide/index.html (+1ms) 
21:50:28   ├─ /articles/trend-website-redesign-how-to-choose/index.html (+1ms) 
21:50:28   ├─ /articles/trend-website-redesign-mistakes/index.html (+1ms) 
21:50:28   ├─ /articles/trend-website-redesign-steps/index.html (+1ms) 
21:50:28   ├─ /articles/trend-website-redesign-trends-2026/index.html (+1ms) 
21:50:28   ├─ /articles/trend-website-turnkey-audit/index.html (+2ms) 
21:50:28   ├─ /articles/trend-website-turnkey-brief/index.html (+2ms) 
21:50:28   ├─ /articles/trend-website-turnkey-checklist/index.html (+2ms) 
21:50:28   ├─ /articles/trend-website-turnkey-comparison/index.html (+1ms) 
21:50:28   ├─ /articles/trend-website-turnkey-cost/index.html (+1ms) 
21:50:28   ├─ /articles/trend-website-turnkey-guide/index.html (+1ms) 
21:50:28   ├─ /articles/trend-website-turnkey-how-to-choose/index.html (+1ms) 
21:50:28   ├─ /articles/trend-website-turnkey-mistakes/index.html (+1ms) 
21:50:28   ├─ /articles/trend-website-turnkey-steps/index.html (+1ms) 
21:50:28   ├─ /articles/trend-website-turnkey-trends-2026/index.html (+1ms) 
21:50:28   ├─ /articles/website-development-cost-kazakhstan/index.html (+1ms) 
21:50:28   ├─ /articles/website-turnkey-kazakhstan/index.html (+2ms) 
21:50:28   ├─ /articles/index.html (+68ms) 
21:50:28   ├─ /brief/websites/index.html (+1ms) 
21:50:28   ├─ /brief/identity/index.html (+0ms) 
21:50:28   ├─ /brief/print/index.html (+0ms) 
21:50:28   ├─ /brief/presentations/index.html (+0ms) 
21:50:28   ├─ /brief/smm/index.html (+0ms) 
21:50:28   ├─ /brief/support/index.html (+0ms) 
21:50:28   ├─ /brief/index.html (+6ms) 
21:50:28   ├─ /case/thepeak/index.html (+11ms) 
21:50:28   ├─ /case/onmacabim/index.html (+2ms) 
21:50:28   ├─ /case/compass/index.html (+2ms) 
21:50:28   ├─ /case/compass-management/index.html (+2ms) 
21:50:28   ├─ /case/yatut/index.html (+2ms) 
21:50:28   ├─ /case/rv/index.html (+1ms) 
21:50:28   ├─ /case/parking24/index.html (+1ms) 
21:50:28   ├─ /case/igorkochergin/index.html (+1ms) 
21:50:28   ├─ /case/tomaskralov/index.html (+2ms) 
21:50:28   ├─ /case/boya/index.html (+2ms) 
21:50:28   ├─ /case/shanding/index.html (+1ms) 
21:50:28   ├─ /case/bebble/index.html (+1ms) 
21:50:28   ├─ /case/ugc-donskova/index.html (+1ms) 
21:50:28   ├─ /case/baizakova/index.html (+1ms) 
21:50:28   ├─ /case/dodo-hightower/index.html (+1ms) 
21:50:28   ├─ /case/uaz/index.html (+1ms) 
21:50:28   ├─ /case/gippo/index.html (+1ms) 
21:50:28   ├─ /case/takara/index.html (+1ms) 
21:50:28   ├─ /case/puma-kazakhstan/index.html (+1ms) 
21:50:28   ├─ /case/brewbox/index.html (+2ms) 
21:50:28   ├─ /case/kenfasad/index.html (+2ms) 
21:50:28   ├─ /case/taxikolesa/index.html (+9ms) 
21:50:28   ├─ /case/business-cars/index.html (+1ms) 
21:50:28   ├─ /case/rim-invest/index.html (+2ms) 
21:50:28   ├─ /case/kirpi/index.html (+2ms) 
21:50:28   ├─ /cases/index.html (+124ms) 
21:50:28   ├─ /cities/petropavlovsk/index.html (+0ms) (file not created, response body was empty)
21:50:28   ├─ /cities/taldykorgan/index.html (+0ms) (file not created, response body was empty)
21:50:28   ├─ /cities/almaty/index.html (+3ms) 
21:50:28   ├─ /cities/astana/index.html (+2ms) 
21:50:28   ├─ /cities/shymkent/index.html (+2ms) 
21:50:28   ├─ /cities/aktobe/index.html (+2ms) 
21:50:28   ├─ /cities/karaganda/index.html (+2ms) 
21:50:28   ├─ /cities/taraz/index.html (+2ms) 
21:50:28   ├─ /cities/ust-kamenogorsk/index.html (+2ms) 
21:50:28   ├─ /cities/pavlodar/index.html (+2ms) 
21:50:28   ├─ /cities/semey/index.html (+1ms) 
21:50:28   ├─ /cities/atyrau/index.html (+1ms) 
21:50:28   ├─ /cities/kyzylorda/index.html (+1ms) 
21:50:28   ├─ /cities/aktau/index.html (+1ms) 
21:50:28   ├─ /cities/kostanay/index.html (+1ms) 
21:50:28   ├─ /cities/uralsk/index.html (+1ms) 
21:50:28   ├─ /cities/turkestan/index.html (+2ms) 
21:50:28   ├─ /cities/index.html (+3ms) 
21:50:28   ├─ /cv/index.html (+4ms) 
21:50:28   ├─ /en/index.html (+9ms) 
21:50:28   ├─ /kp/asphodel-instagram/index.html (+4ms) 
21:50:28   ├─ /kp/sait-semena/index.html (+3ms) 
21:50:28   ├─ /kp/shanding/index.html (+3ms) 
21:50:28   ├─ /kp/sistema-etiketok/index.html (+2ms) 
21:50:28   ├─ /light/index.html (+1ms) 
21:50:28   ├─ /open-graph/baizakova.png[astro-og-canvas] Loading ./public/fonts/InterTight-Variable.ttf
[astro-og-canvas] Loaded 1 font families:
Inter Tight
 (+69ms) 
21:50:28   ├─ /open-graph/bebble.png (+1ms) 
21:50:28   ├─ /open-graph/boya.png (+1ms) 
21:50:28   ├─ /open-graph/brewbox.png (+1ms) 
21:50:28   ├─ /open-graph/business-cars.png (+1ms) 
21:50:28   ├─ /open-graph/compass.png (+1ms) 
21:50:28   ├─ /open-graph/compass-management.png (+1ms) 
21:50:28   ├─ /open-graph/dodo-hightower.png (+1ms) 
21:50:28   ├─ /open-graph/gippo.png (+1ms) 
21:50:28   ├─ /open-graph/igorkochergin.png (+1ms) 
21:50:28   ├─ /open-graph/kenfasad.png (+1ms) 
21:50:28   ├─ /open-graph/kirpi.png (+1ms) 
21:50:28   ├─ /open-graph/onmacabim.png (+1ms) 
21:50:28   ├─ /open-graph/parking24.png (+1ms) 
21:50:28   ├─ /open-graph/puma-kazakhstan.png (+0ms) 
21:50:28   ├─ /open-graph/rim-invest.png (+0ms) 
21:50:28   ├─ /open-graph/rv.png (+1ms) 
21:50:28   ├─ /open-graph/shanding.png (+0ms) 
21:50:28   ├─ /open-graph/takara.png (+0ms) 
21:50:28   ├─ /open-graph/taxikolesa.png (+0ms) 
21:50:28   ├─ /open-graph/tomaskralov.png (+0ms) 
21:50:28   ├─ /open-graph/uaz.png (+0ms) 
21:50:28   ├─ /open-graph/ugc-donskova.png (+0ms) 
21:50:28   ├─ /open-graph/yatut.png (+1ms) 
21:50:28   ├─ /partners/index.html (+4ms) 
21:50:28   ├─ /privacy/index.html (+3ms) 
21:50:28   ├─ /process-work/index.html (+2ms) 
21:50:28   ├─ /review/index.html (+6ms) 
21:50:28   ├─ /services/identity/almaty/alatau/index.html (+0ms) (file not created, response body was empty)
21:50:28   ├─ /services/identity/almaty/almaly/index.html (+0ms) (file not created, response body was empty)
21:50:28   ├─ /services/identity/almaty/auezov/index.html (+0ms) (file not created, response body was empty)
21:50:28   ├─ /services/identity/almaty/bostandyk/index.html (+0ms) (file not created, response body was empty)
21:50:28   ├─ /services/identity/almaty/medeu/index.html (+0ms) (file not created, response body was empty)
21:50:28   ├─ /services/identity/almaty/nauryzbai/index.html (+0ms) (file not created, response body was empty)
21:50:28   ├─ /services/identity/almaty/turksib/index.html (+0ms) (file not created, response body was empty)
21:50:28   ├─ /services/identity/almaty/zhetysu/index.html (+0ms) (file not created, response body was empty)
21:50:28   ├─ /services/identity/astana/almaty/index.html (+0ms) (file not created, response body was empty)
21:50:28   ├─ /services/identity/astana/baikonyr/index.html (+0ms) (file not created, response body was empty)
21:50:28   ├─ /services/identity/astana/esil/index.html (+0ms) (file not created, response body was empty)
21:50:28   ├─ /services/identity/astana/nura/index.html (+0ms) (file not created, response body was empty)
21:50:28   ├─ /services/identity/astana/saraishyk/index.html (+0ms) (file not created, response body was empty)
21:50:28   ├─ /services/identity/astana/saryarka/index.html (+0ms) (file not created, response body was empty)
21:50:28   ├─ /services/identity/petropavlovsk/index.html (+0ms) (file not created, response body was empty)
21:50:28   ├─ /services/identity/shymkent/abai/index.html (+0ms) (file not created, response body was empty)
21:50:28   ├─ /services/identity/shymkent/al-farabi/index.html (+0ms) (file not created, response body was empty)
21:50:28   ├─ /services/identity/shymkent/enbekshi/index.html (+0ms) (file not created, response body was empty)
21:50:28   ├─ /services/identity/shymkent/karatau/index.html (+0ms) (file not created, response body was empty)
21:50:28   ├─ /services/identity/shymkent/turan/index.html (+0ms) (file not created, response body was empty)
21:50:28   ├─ /services/identity/taldykorgan/index.html (+0ms) (file not created, response body was empty)
21:50:28   ├─ /services/presentations/almaty/alatau/index.html (+0ms) (file not created, response body was empty)
21:50:28   ├─ /services/presentations/almaty/almaly/index.html (+0ms) (file not created, response body was empty)
21:50:28   ├─ /services/presentations/almaty/auezov/index.html (+0ms) (file not created, response body was empty)
21:50:28   ├─ /services/presentations/almaty/bostandyk/index.html (+0ms) (file not created, response body was empty)
21:50:28   ├─ /services/presentations/almaty/medeu/index.html (+0ms) (file not created, response body was empty)
21:50:28   ├─ /services/presentations/almaty/nauryzbai/index.html (+0ms) (file not created, response body was empty)
21:50:28   ├─ /services/presentations/almaty/turksib/index.html (+0ms) (file not created, response body was empty)
21:50:28   ├─ /services/presentations/almaty/zhetysu/index.html (+0ms) (file not created, response body was empty)
21:50:28   ├─ /services/presentations/astana/almaty/index.html (+0ms) (file not created, response body was empty)
21:50:28   ├─ /services/presentations/astana/baikonyr/index.html (+0ms) (file not created, response body was empty)
21:50:28   ├─ /services/presentations/astana/esil/index.html (+0ms) (file not created, response body was empty)
21:50:28   ├─ /services/presentations/astana/nura/index.html (+0ms) (file not created, response body was empty)
21:50:28   ├─ /services/presentations/astana/saraishyk/index.html (+0ms) (file not created, response body was empty)
21:50:28   ├─ /services/presentations/astana/saryarka/index.html (+0ms) (file not created, response body was empty)
21:50:28   ├─ /services/presentations/petropavlovsk/index.html (+0ms) (file not created, response body was empty)
21:50:28   ├─ /services/presentations/shymkent/abai/index.html (+0ms) (file not created, response body was empty)
21:50:28   ├─ /services/presentations/shymkent/al-farabi/index.html (+0ms) (file not created, response body was empty)
21:50:28   ├─ /services/presentations/shymkent/enbekshi/index.html (+0ms) (file not created, response body was empty)
21:50:28   ├─ /services/presentations/shymkent/karatau/index.html (+0ms) (file not created, response body was empty)
21:50:28   ├─ /services/presentations/shymkent/turan/index.html (+0ms) (file not created, response body was empty)
21:50:28   ├─ /services/presentations/taldykorgan/index.html (+0ms) (file not created, response body was empty)
21:50:28   ├─ /services/print/almaty/alatau/index.html (+0ms) (file not created, response body was empty)
21:50:28   ├─ /services/print/almaty/almaly/index.html (+0ms) (file not created, response body was empty)
21:50:28   ├─ /services/print/almaty/auezov/index.html (+0ms) (file not created, response body was empty)
21:50:28   ├─ /services/print/almaty/bostandyk/index.html (+0ms) (file not created, response body was empty)
21:50:28   ├─ /services/print/almaty/medeu/index.html (+0ms) (file not created, response body was empty)
21:50:28   ├─ /services/print/almaty/nauryzbai/index.html (+0ms) (file not created, response body was empty)
21:50:28   ├─ /services/print/almaty/turksib/index.html (+0ms) (file not created, response body was empty)
21:50:28   ├─ /services/print/almaty/zhetysu/index.html (+0ms) (file not created, response body was empty)
21:50:28   ├─ /services/print/astana/almaty/index.html (+0ms) (file not created, response body was empty)
21:50:28   ├─ /services/print/astana/baikonyr/index.html (+0ms) (file not created, response body was empty)
21:50:28   ├─ /services/print/astana/esil/index.html (+0ms) (file not created, response body was empty)
21:50:28   ├─ /services/print/astana/nura/index.html (+0ms) (file not created, response body was empty)
21:50:28   ├─ /services/print/astana/saraishyk/index.html (+0ms) (file not created, response body was empty)
21:50:28   ├─ /services/print/astana/saryarka/index.html (+0ms) (file not created, response body was empty)
21:50:28   ├─ /services/print/petropavlovsk/index.html (+0ms) (file not created, response body was empty)
21:50:28   ├─ /services/print/shymkent/abai/index.html (+0ms) (file not created, response body was empty)
21:50:28   ├─ /services/print/shymkent/al-farabi/index.html (+0ms) (file not created, response body was empty)
21:50:28   ├─ /services/print/shymkent/enbekshi/index.html (+0ms) (file not created, response body was empty)
21:50:28   ├─ /services/print/shymkent/karatau/index.html (+0ms) (file not created, response body was empty)
21:50:28   ├─ /services/print/shymkent/turan/index.html (+0ms) (file not created, response body was empty)
21:50:28   ├─ /services/print/taldykorgan/index.html (+0ms) (file not created, response body was empty)
21:50:28   ├─ /services/smm/almaty/alatau/index.html (+0ms) (file not created, response body was empty)
21:50:28   ├─ /services/smm/almaty/almaly/index.html (+0ms) (file not created, response body was empty)
21:50:28   ├─ /services/smm/almaty/auezov/index.html (+0ms) (file not created, response body was empty)
21:50:28   ├─ /services/smm/almaty/bostandyk/index.html (+0ms) (file not created, response body was empty)
21:50:28   ├─ /services/smm/almaty/medeu/index.html (+0ms) (file not created, response body was empty)
21:50:28   ├─ /services/smm/almaty/nauryzbai/index.html (+0ms) (file not created, response body was empty)
21:50:28   ├─ /services/smm/almaty/turksib/index.html (+0ms) (file not created, response body was empty)
21:50:28   ├─ /services/smm/almaty/zhetysu/index.html (+0ms) (file not created, response body was empty)
21:50:28   ├─ /services/smm/astana/almaty/index.html (+0ms) (file not created, response body was empty)
21:50:28   ├─ /services/smm/astana/baikonyr/index.html (+0ms) (file not created, response body was empty)
21:50:28   ├─ /services/smm/astana/esil/index.html (+0ms) (file not created, response body was empty)
21:50:28   ├─ /services/smm/astana/nura/index.html (+0ms) (file not created, response body was empty)
21:50:28   ├─ /services/smm/astana/saraishyk/index.html (+0ms) (file not created, response body was empty)
21:50:28   ├─ /services/smm/astana/saryarka/index.html (+0ms) (file not created, response body was empty)
21:50:28   ├─ /services/smm/petropavlovsk/index.html (+0ms) (file not created, response body was empty)
21:50:28   ├─ /services/smm/shymkent/abai/index.html (+0ms) (file not created, response body was empty)
21:50:28   ├─ /services/smm/shymkent/al-farabi/index.html (+0ms) (file not created, response body was empty)
21:50:28   ├─ /services/smm/shymkent/enbekshi/index.html (+0ms) (file not created, response body was empty)
21:50:28   ├─ /services/smm/shymkent/karatau/index.html (+0ms) (file not created, response body was empty)
21:50:28   ├─ /services/smm/shymkent/turan/index.html (+0ms) (file not created, response body was empty)
21:50:28   ├─ /services/smm/taldykorgan/index.html (+0ms) (file not created, response body was empty)
21:50:28   ├─ /services/support/almaty/alatau/index.html (+0ms) (file not created, response body was empty)
21:50:28   ├─ /services/support/almaty/almaly/index.html (+0ms) (file not created, response body was empty)
21:50:28   ├─ /services/support/almaty/auezov/index.html (+0ms) (file not created, response body was empty)
21:50:28   ├─ /services/support/almaty/bostandyk/index.html (+0ms) (file not created, response body was empty)
21:50:28   ├─ /services/support/almaty/medeu/index.html (+0ms) (file not created, response body was empty)
21:50:28   ├─ /services/support/almaty/nauryzbai/index.html (+0ms) (file not created, response body was empty)
21:50:28   ├─ /services/support/almaty/turksib/index.html (+0ms) (file not created, response body was empty)
21:50:28   ├─ /services/support/almaty/zhetysu/index.html (+0ms) (file not created, response body was empty)
21:50:28   ├─ /services/support/astana/almaty/index.html (+0ms) (file not created, response body was empty)
21:50:28   ├─ /services/support/astana/baikonyr/index.html (+0ms) (file not created, response body was empty)
21:50:28   ├─ /services/support/astana/esil/index.html (+0ms) (file not created, response body was empty)
21:50:28   ├─ /services/support/astana/nura/index.html (+0ms) (file not created, response body was empty)
21:50:28   ├─ /services/support/astana/saraishyk/index.html (+0ms) (file not created, response body was empty)
21:50:28   ├─ /services/support/astana/saryarka/index.html (+0ms) (file not created, response body was empty)
21:50:28   ├─ /services/support/petropavlovsk/index.html (+0ms) (file not created, response body was empty)
21:50:28   ├─ /services/support/shymkent/abai/index.html (+0ms) (file not created, response body was empty)
21:50:28   ├─ /services/support/shymkent/al-farabi/index.html (+0ms) (file not created, response body was empty)
21:50:28   ├─ /services/support/shymkent/enbekshi/index.html (+0ms) (file not created, response body was empty)
21:50:28   ├─ /services/support/shymkent/karatau/index.html (+0ms) (file not created, response body was empty)
21:50:28   ├─ /services/support/shymkent/turan/index.html (+0ms) (file not created, response body was empty)
21:50:28   ├─ /services/support/taldykorgan/index.html (+0ms) (file not created, response body was empty)
21:50:28   ├─ /services/websites/almaty/alatau/index.html (+0ms) (file not created, response body was empty)
21:50:28   ├─ /services/websites/almaty/almaly/index.html (+0ms) (file not created, response body was empty)
21:50:28   ├─ /services/websites/almaty/auezov/index.html (+0ms) (file not created, response body was empty)
21:50:28   ├─ /services/websites/almaty/bostandyk/index.html (+0ms) (file not created, response body was empty)
21:50:28   ├─ /services/websites/almaty/medeu/index.html (+0ms) (file not created, response body was empty)
21:50:28   ├─ /services/websites/almaty/nauryzbai/index.html (+0ms) (file not created, response body was empty)
21:50:28   ├─ /services/websites/almaty/turksib/index.html (+0ms) (file not created, response body was empty)
21:50:28   ├─ /services/websites/almaty/zhetysu/index.html (+0ms) (file not created, response body was empty)
21:50:28   ├─ /services/websites/astana/almaty/index.html (+0ms) (file not created, response body was empty)
21:50:28   ├─ /services/websites/astana/baikonyr/index.html (+0ms) (file not created, response body was empty)
21:50:28   ├─ /services/websites/astana/esil/index.html (+0ms) (file not created, response body was empty)
21:50:28   ├─ /services/websites/astana/nura/index.html (+0ms) (file not created, response body was empty)
21:50:28   ├─ /services/websites/astana/saraishyk/index.html (+0ms) (file not created, response body was empty)
21:50:28   ├─ /services/websites/astana/saryarka/index.html (+0ms) (file not created, response body was empty)
21:50:28   ├─ /services/websites/petropavlovsk/index.html (+0ms) (file not created, response body was empty)
21:50:28   ├─ /services/websites/shymkent/abai/index.html (+0ms) (file not created, response body was empty)
21:50:28   ├─ /services/websites/shymkent/al-farabi/index.html (+0ms) (file not created, response body was empty)
21:50:28   ├─ /services/websites/shymkent/enbekshi/index.html (+0ms) (file not created, response body was empty)
21:50:28   ├─ /services/websites/shymkent/karatau/index.html (+0ms) (file not created, response body was empty)
21:50:28   ├─ /services/websites/shymkent/turan/index.html (+0ms) (file not created, response body was empty)
21:50:28   ├─ /services/websites/taldykorgan/index.html (+0ms) (file not created, response body was empty)
21:50:28   ├─ /services/websites/index.html (+102ms) 
21:50:28   ├─ /services/websites-static/index.html (+0ms) (file not created, response body was empty)
21:50:28   ├─ /services/websites/almaty/index.html (+4ms) 
21:50:28   ├─ /services/websites/astana/index.html (+3ms) 
21:50:28   ├─ /services/websites/shymkent/index.html (+3ms) 
21:50:28   ├─ /services/websites/aktobe/index.html (+3ms) 
21:50:28   ├─ /services/websites/karaganda/index.html (+5ms) 
21:50:28   ├─ /services/websites/taraz/index.html (+3ms) 
21:50:28   ├─ /services/websites/ust-kamenogorsk/index.html (+4ms) 
21:50:28   ├─ /services/websites/pavlodar/index.html (+4ms) 
21:50:28   ├─ /services/websites/semey/index.html (+4ms) 
21:50:28   ├─ /services/websites/atyrau/index.html (+3ms) 
21:50:28   ├─ /services/websites/kyzylorda/index.html (+3ms) 
21:50:28   ├─ /services/websites/aktau/index.html (+3ms) 
21:50:28   ├─ /services/websites/kostanay/index.html (+3ms) 
21:50:28   ├─ /services/websites/uralsk/index.html (+3ms) 
21:50:28   ├─ /services/websites/turkestan/index.html (+4ms) 
21:50:28   ├─ /services/identity/almaty/index.html (+3ms) 
21:50:28   ├─ /services/identity/astana/index.html (+3ms) 
21:50:28   ├─ /services/identity/shymkent/index.html (+3ms) 
21:50:28   ├─ /services/identity/aktobe/index.html (+3ms) 
21:50:28   ├─ /services/identity/karaganda/index.html (+4ms) 
21:50:28   ├─ /services/identity/taraz/index.html (+3ms) 
21:50:28   ├─ /services/identity/ust-kamenogorsk/index.html (+4ms) 
21:50:28   ├─ /services/identity/pavlodar/index.html (+4ms) 
21:50:28   ├─ /services/identity/semey/index.html (+4ms) 
21:50:28   ├─ /services/identity/atyrau/index.html (+5ms) 
21:50:28   ├─ /services/identity/kyzylorda/index.html (+4ms) 
21:50:29   ├─ /services/identity/aktau/index.html (+4ms) 
21:50:29   ├─ /services/identity/kostanay/index.html (+4ms) 
21:50:29   ├─ /services/identity/uralsk/index.html (+13ms) 
21:50:29   ├─ /services/identity/turkestan/index.html (+5ms) 
21:50:29   ├─ /services/print/almaty/index.html (+4ms) 
21:50:29   ├─ /services/print/astana/index.html (+3ms) 
21:50:29   ├─ /services/print/shymkent/index.html (+3ms) 
21:50:29   ├─ /services/print/aktobe/index.html (+3ms) 
21:50:29   ├─ /services/print/karaganda/index.html (+3ms) 
21:50:29   ├─ /services/print/taraz/index.html (+4ms) 
21:50:29   ├─ /services/print/ust-kamenogorsk/index.html (+3ms) 
21:50:29   ├─ /services/print/pavlodar/index.html (+3ms) 
21:50:29   ├─ /services/print/semey/index.html (+3ms) 
21:50:29   ├─ /services/print/atyrau/index.html (+3ms) 
21:50:29   ├─ /services/print/kyzylorda/index.html (+3ms) 
21:50:29   ├─ /services/print/aktau/index.html (+3ms) 
21:50:29   ├─ /services/print/kostanay/index.html (+3ms) 
21:50:29   ├─ /services/print/uralsk/index.html (+3ms) 
21:50:29   ├─ /services/print/turkestan/index.html (+3ms) 
21:50:29   ├─ /services/presentations/almaty/index.html (+3ms) 
21:50:29   ├─ /services/presentations/astana/index.html (+3ms) 
21:50:29   ├─ /services/presentations/shymkent/index.html (+3ms) 
21:50:29   ├─ /services/presentations/aktobe/index.html (+5ms) 
21:50:29   ├─ /services/presentations/karaganda/index.html (+4ms) 
21:50:29   ├─ /services/presentations/taraz/index.html (+5ms) 
21:50:29   ├─ /services/presentations/ust-kamenogorsk/index.html (+6ms) 
21:50:29   ├─ /services/presentations/pavlodar/index.html (+11ms) 
21:50:29   ├─ /services/presentations/semey/index.html (+4ms) 
21:50:29   ├─ /services/presentations/atyrau/index.html (+4ms) 
21:50:29   ├─ /services/presentations/kyzylorda/index.html (+3ms) 
21:50:29   ├─ /services/presentations/aktau/index.html (+4ms) 
21:50:29   ├─ /services/presentations/kostanay/index.html (+3ms) 
21:50:29   ├─ /services/presentations/uralsk/index.html (+3ms) 
21:50:29   ├─ /services/presentations/turkestan/index.html (+3ms) 
21:50:29   ├─ /services/smm/almaty/index.html (+3ms) 
21:50:29   ├─ /services/smm/astana/index.html (+3ms) 
21:50:29   ├─ /services/smm/shymkent/index.html (+3ms) 
21:50:29   ├─ /services/smm/aktobe/index.html (+3ms) 
21:50:29   ├─ /services/smm/karaganda/index.html (+3ms) 
21:50:29   ├─ /services/smm/taraz/index.html (+3ms) 
21:50:29   ├─ /services/smm/ust-kamenogorsk/index.html (+3ms) 
21:50:29   ├─ /services/smm/pavlodar/index.html (+3ms) 
21:50:29   ├─ /services/smm/semey/index.html (+3ms) 
21:50:29   ├─ /services/smm/atyrau/index.html (+3ms) 
21:50:29   ├─ /services/smm/kyzylorda/index.html (+3ms) 
21:50:29   ├─ /services/smm/aktau/index.html (+2ms) 
21:50:29   ├─ /services/smm/kostanay/index.html (+2ms) 
21:50:29   ├─ /services/smm/uralsk/index.html (+3ms) 
21:50:29   ├─ /services/smm/turkestan/index.html (+3ms) 
21:50:29   ├─ /services/support/almaty/index.html (+3ms) 
21:50:29   ├─ /services/support/astana/index.html (+3ms) 
21:50:29   ├─ /services/support/shymkent/index.html (+3ms) 
21:50:29   ├─ /services/support/aktobe/index.html (+3ms) 
21:50:29   ├─ /services/support/karaganda/index.html (+3ms) 
21:50:29   ├─ /services/support/taraz/index.html (+3ms) 
21:50:29   ├─ /services/support/ust-kamenogorsk/index.html (+3ms) 
21:50:29   ├─ /services/support/pavlodar/index.html (+3ms) 
21:50:29   ├─ /services/support/semey/index.html (+3ms) 
21:50:29   ├─ /services/support/atyrau/index.html (+3ms) 
21:50:29   ├─ /services/support/kyzylorda/index.html (+3ms) 
21:50:29   ├─ /services/support/aktau/index.html (+3ms) 
21:50:29   ├─ /services/support/kostanay/index.html (+3ms) 
21:50:29   ├─ /services/support/uralsk/index.html (+3ms) 
21:50:29   ├─ /services/support/turkestan/index.html (+3ms) 
21:50:29   ├─ /services/identity/index.html (+4ms) 
21:50:29   ├─ /services/print/index.html (+3ms) 
21:50:29   ├─ /services/presentations/index.html (+3ms) 
21:50:29   ├─ /services/smm/index.html (+3ms) 
21:50:29   ├─ /services/support/index.html (+3ms) 
21:50:29   ├─ /services/index.html (+123ms) 
21:50:29   ├─ /shanding-3d/index.html (+3ms) 
21:50:29   ├─ /site-map/index.html (+33ms) 
21:50:29   ├─ /solutions/horeca/index.html (+5ms) 
21:50:29   ├─ /solutions/fashion-retail/index.html (+4ms) 
21:50:29   ├─ /solutions/auto-transport/index.html (+4ms) 
21:50:29   ├─ /solutions/b2b-finance/index.html (+3ms) 
21:50:29   ├─ /solutions/real-estate/index.html (+2ms) 
21:50:29   ├─ /solutions/beauty-cosmetics/index.html (+2ms) 
21:50:29   ├─ /solutions/experts-education/index.html (+3ms) 
21:50:29   ├─ /solutions/index.html (+106ms) 
21:50:29   ├─ /studio/index.html (+112ms) 
21:50:29   ├─ /thanks/index.html (+4ms) 
21:50:29   ├─ /threads/index.html (+6ms) 
21:50:29   ├─ /index.html (+204ms) 
21:50:29 ✓ Completed in 4.79s.

21:50:29 [build] Rearranging server assets...
21:50:29 [build] ✓ Completed in 10.80s.
21:50:29 [WARN] [@astrojs/vercel] 
	The local Node.js version (25) is not supported by Vercel Serverless Functions.
	Your project will use Node.js 24 as the runtime instead.
	Consider switching your local version to 24.

21:50:29 [@astrojs/vercel] Bundling function ../../server/entry.mjs
21:50:32 [build] Waiting for integration "@astrojs/vercel", hook "astro:build:done"...
21:50:33 [@astrojs/sitemap] `sitemap-index.xml` created at `dist/client`
21:50:33 [@astrojs/vercel] Copying static files to .vercel/output/static
21:50:34 [build] Server built in 16.68s
21:50:34 [build] Complete!
