
> yapil-astro@0.0.1 astro
> astro check

21:46:59 [content] Syncing content
21:46:59 [content] Synced content
21:46:59 [types] Generated 830ms
21:46:59 [check] Getting diagnostics for Astro files in /Users/vladislavrosinsskiy/Desktop/Yapil...
[96mscripts/audit-speed.mjs[0m:[93m179[0m:[93m3[0m - [93mwarning[0m[90m ts(80007): [0m'await' has no effect on the type of this expression.

[7m179[0m   await chrome.kill();
[7m   [0m [93m  ~~~~~~~~~~~~~~~~~~~[0m

[96mscripts/generate-seo-library.mjs[0m:[93m149[0m:[93m7[0m - [93mwarning[0m[90m ts(6133): [0m'escapeXml' is declared but its value is never read.

[7m149[0m const escapeXml = (value) => value.replace(/[<>&"']/g, (char) => ({ '<': '&lt;', '>': '&gt;', '&': '&amp;', '"': '&quot;', "'": '&apos;' })[char]);
[7m   [0m [93m      ~~~~~~~~~[0m

[96msrc/components/ArticlePage.astro[0m:[93m20[0m:[93m28[0m - [93mwarning[0m[90m ts(6133): [0m'slug' is declared but its value is never read.

[7m20[0m const { article, headings, slug, readingMinutes } = Astro.props;
[7m  [0m [93m                           ~~~~[0m

[96msrc/components/Hero.astro[0m:[93m17[0m:[93m3[0m - [93mwarning[0m[90m ts(6133): [0m'theme' is declared but its value is never read.

[7m17[0m   theme = 'dark',
[7m  [0m [93m  ~~~~~[0m

[96msrc/components/HomepageWebsitePromo.astro[0m:[93m86[0m:[93m12[0m - [91merror[0m[90m ts(2339): [0mProperty '__yapilPromoTimer' does not exist on type 'Window & typeof globalThis'.

[7m86[0m     window.__yapilPromoTimer = window.setInterval(updateDailyPromo, 1000);
[7m  [0m [91m           ~~~~~~~~~~~~~~~~~[0m
[96msrc/components/HomepageWebsitePromo.astro[0m:[93m84[0m:[93m15[0m - [91merror[0m[90m ts(2339): [0mProperty '__yapilPromoTimer' does not exist on type 'Window & typeof globalThis'.

[7m84[0m   if (!window.__yapilPromoTimer) {
[7m  [0m [91m              ~~~~~~~~~~~~~~~~~[0m

[96msrc/components/SiteBackground.astro[0m:[93m304[0m:[93m33[0m - [93mwarning[0m[90m ts(6385): [0m'webkitMaskImage' is deprecated.

[7m304[0m             serviceCanvas.style.webkitMaskImage = mask;
[7m   [0m [93m                                ~~~~~~~~~~~~~~~[0m

[96msrc/components/SmoothScroll.astro[0m:[93m49[0m:[93m9[0m - [93mwarning[0m[90m ts(6133): [0m'rafId' is declared but its value is never read.

[7m49[0m     let rafId = 0;
[7m  [0m [93m        ~~~~~[0m

[96msrc/components/VsyachinaInfinite.astro[0m:[93m373[0m:[93m9[0m - [93mwarning[0m[90m ts(6133): [0m'dragStartX' is declared but its value is never read.

[7m373[0m     let dragStartX = 0;
[7m   [0m [93m        ~~~~~~~~~~[0m

[96msrc/components/crm/CrmApp.tsx[0m:[93m336[0m:[93m45[0m - [93mwarning[0m[90m ts(6385): [0m'FormEvent' is deprecated.

[7m336[0m   const handleLoginSubmit = async (e: React.FormEvent) => {
[7m   [0m [93m                                            ~~~~~~~~~[0m
[96msrc/components/crm/CrmApp.tsx[0m:[93m80[0m:[93m3[0m - [93mwarning[0m[90m ts(6133): [0m'saveStoredReviews' is declared but its value is never read.

[7m80[0m   saveStoredReviews,
[7m  [0m [93m  ~~~~~~~~~~~~~~~~~[0m
[96msrc/components/crm/CrmApp.tsx[0m:[93m76[0m:[93m3[0m - [93mwarning[0m[90m ts(6196): [0m'ReviewStats' is declared but never used.

[7m76[0m   ReviewStats,
[7m  [0m [93m  ~~~~~~~~~~~[0m
[96msrc/components/crm/CrmApp.tsx[0m:[93m65[0m:[93m3[0m - [93mwarning[0m[90m ts(6133): [0m'normalizePhoneDigits' is declared but its value is never read.

[7m65[0m   normalizePhoneDigits,
[7m  [0m [93m  ~~~~~~~~~~~~~~~~~~~~[0m
[96msrc/components/crm/CrmApp.tsx[0m:[93m57[0m:[93m3[0m - [93mwarning[0m[90m ts(6133): [0m'resetToDemoLeads' is declared but its value is never read.

[7m57[0m   resetToDemoLeads,
[7m  [0m [93m  ~~~~~~~~~~~~~~~~[0m
[96msrc/components/crm/CrmApp.tsx[0m:[93m52[0m:[93m3[0m - [93mwarning[0m[90m ts(6133): [0m'updateLead' is declared but its value is never read.

[7m52[0m   updateLead,
[7m  [0m [93m  ~~~~~~~~~~[0m
[96msrc/components/crm/CrmApp.tsx[0m:[93m50[0m:[93m3[0m - [93mwarning[0m[90m ts(6133): [0m'saveLeads' is declared but its value is never read.

[7m50[0m   saveLeads,
[7m  [0m [93m  ~~~~~~~~~[0m
[96msrc/components/crm/CrmApp.tsx[0m:[93m44[0m:[93m3[0m - [93mwarning[0m[90m ts(6196): [0m'LeadSource' is declared but never used.

[7m44[0m   LeadSource,
[7m  [0m [93m  ~~~~~~~~~~[0m
[96msrc/components/crm/CrmApp.tsx[0m:[93m38[0m:[93m3[0m - [93mwarning[0m[90m ts(6133): [0m'Sparkles' is declared but its value is never read.

[7m38[0m   Sparkles,
[7m  [0m [93m  ~~~~~~~~[0m
[96msrc/components/crm/CrmApp.tsx[0m:[93m36[0m:[93m11[0m - [93mwarning[0m[90m ts(6133): [0m'LinkIcon' is declared but its value is never read.

[7m36[0m   Link as LinkIcon,
[7m  [0m [93m          ~~~~~~~~[0m
[96msrc/components/crm/CrmApp.tsx[0m:[93m35[0m:[93m3[0m - [93mwarning[0m[90m ts(6133): [0m'MessageSquare' is declared but its value is never read.

[7m35[0m   MessageSquare,
[7m  [0m [93m  ~~~~~~~~~~~~~[0m
[96msrc/components/crm/CrmApp.tsx[0m:[93m33[0m:[93m3[0m - [93mwarning[0m[90m ts(6133): [0m'KeyRound' is declared but its value is never read.

[7m33[0m   KeyRound,
[7m  [0m [93m  ~~~~~~~~[0m
[96msrc/components/crm/CrmApp.tsx[0m:[93m15[0m:[93m3[0m - [93mwarning[0m[90m ts(6133): [0m'Clock' is declared but its value is never read.

[7m15[0m   Clock,
[7m  [0m [93m  ~~~~~[0m
[96msrc/components/crm/CrmApp.tsx[0m:[93m14[0m:[93m3[0m - [93mwarning[0m[90m ts(6133): [0m'CheckCircle2' is declared but its value is never read.

[7m14[0m   CheckCircle2,
[7m  [0m [93m  ~~~~~~~~~~~~[0m
[96msrc/components/crm/CrmApp.tsx[0m:[93m9[0m:[93m3[0m - [93mwarning[0m[90m ts(6133): [0m'Filter' is declared but its value is never read.

[7m9[0m   Filter,
[7m [0m [93m  ~~~~~~[0m
[96msrc/components/crm/CrmApp.tsx[0m:[93m5[0m:[93m3[0m - [93mwarning[0m[90m ts(6133): [0m'Mail' is declared but its value is never read.

[7m5[0m   Mail,
[7m [0m [93m  ~~~~[0m

[96msrc/components/process-work/ProcessWork.astro[0m:[93m43[0m:[93m116[0m - [91merror[0m[90m ts(2339): [0mProperty 'number' does not exist on type '{ title: string; second: string; text: string; }'.

[7m43[0m       <div class="process-grid">{steps.map((step,i)=><article class="process-card"><span class="step-number">{step.number ?? String(i + 1).padStart(2, '0')}</span><div class="step-copy"><StepHeading class="step-title">{step.title}{step.second && <><br/><em>{step.second}</em></>}</StepHeading><p>{step.text}</p></div></article>)}</div>
[7m  [0m [91m                                                                                                                   ~~~~~~[0m

[96msrc/components/ui/ReviewForm.tsx[0m:[93m154[0m:[93m40[0m - [93mwarning[0m[90m ts(6385): [0m'FormEvent' is deprecated.

[7m154[0m   const handleSubmit = async (e: React.FormEvent) => {
[7m   [0m [93m                                       ~~~~~~~~~[0m
[96msrc/components/ui/ReviewForm.tsx[0m:[93m17[0m:[93m3[0m - [93mwarning[0m[90m ts(6133): [0m'HelpCircle' is declared but its value is never read.

[7m17[0m   HelpCircle,
[7m  [0m [93m  ~~~~~~~~~~[0m
[96msrc/components/ui/ReviewForm.tsx[0m:[93m16[0m:[93m3[0m - [93mwarning[0m[90m ts(6133): [0m'Phone' is declared but its value is never read.

[7m16[0m   Phone,
[7m  [0m [93m  ~~~~~[0m
[96msrc/components/ui/ReviewForm.tsx[0m:[93m15[0m:[93m3[0m - [93mwarning[0m[90m ts(6133): [0m'Globe' is declared but its value is never read.

[7m15[0m   Globe,
[7m  [0m [93m  ~~~~~[0m
[96msrc/components/ui/ReviewForm.tsx[0m:[93m14[0m:[93m3[0m - [93mwarning[0m[90m ts(6133): [0m'Briefcase' is declared but its value is never read.

[7m14[0m   Briefcase,
[7m  [0m [93m  ~~~~~~~~~[0m
[96msrc/components/ui/ReviewForm.tsx[0m:[93m13[0m:[93m3[0m - [93mwarning[0m[90m ts(6133): [0m'User' is declared but its value is never read.

[7m13[0m   User,
[7m  [0m [93m  ~~~~[0m
[96msrc/components/ui/ReviewForm.tsx[0m:[93m12[0m:[93m3[0m - [93mwarning[0m[90m ts(6133): [0m'Building2' is declared but its value is never read.

[7m12[0m   Building2,
[7m  [0m [93m  ~~~~~~~~~[0m
[96msrc/components/ui/ReviewForm.tsx[0m:[93m11[0m:[93m3[0m - [93mwarning[0m[90m ts(6133): [0m'MessageSquare' is declared but its value is never read.

[7m11[0m   MessageSquare,
[7m  [0m [93m  ~~~~~~~~~~~~~[0m
[96msrc/components/ui/ReviewForm.tsx[0m:[93m9[0m:[93m3[0m - [93mwarning[0m[90m ts(6133): [0m'Sparkles' is declared but its value is never read.

[7m9[0m   Sparkles,
[7m [0m [93m  ~~~~~~~~[0m

[96msrc/components/ui/ai-calculator.tsx[0m:[93m226[0m:[93m34[0m - [93mwarning[0m[90m ts(6385): [0m'FormEvent' is deprecated.

[7m226[0m   const handleSubmit = (e: React.FormEvent) => {
[7m   [0m [93m                                 ~~~~~~~~~[0m

[96msrc/components/ui/services-animated-modal.tsx[0m:[93m744[0m:[93m34[0m - [93mwarning[0m[90m ts(6385): [0m'FormEvent' is deprecated.

[7m744[0m   const handleSubmit = (e: React.FormEvent) => {
[7m   [0m [93m                                 ~~~~~~~~~[0m

[96msrc/pages/crm.astro[0m:[93m41[0m:[93m7[0m - [93mwarning[0m[90m ts(6133): [0m'description' is declared but its value is never read.

[7m41[0m const description = 'Внутренняя CRM-система приёма и обработки клиентских заявок дизайн-студии Yapil.';
[7m  [0m [93m      ~~~~~~~~~~~[0m

[96msrc/pages/site-map.astro[0m:[93m224[0m:[93m78[0m - [91merror[0m[90m ts(2339): [0mProperty 'status' does not exist on type '{ title: string; path: string; note: string; }'.

[7m224[0m                   <i class:list={['status-dot', page.status ? `status-${page.status}` : 'status-live']} aria-hidden="true"></i>
[7m   [0m [91m                                                                             ~~~~~~[0m
[96msrc/pages/site-map.astro[0m:[93m224[0m:[93m54[0m - [91merror[0m[90m ts(2339): [0mProperty 'status' does not exist on type '{ title: string; path: string; note: string; }'.

[7m224[0m                   <i class:list={['status-dot', page.status ? `status-${page.status}` : 'status-live']} aria-hidden="true"></i>
[7m   [0m [91m                                                     ~~~~~~[0m
[96msrc/pages/site-map.astro[0m:[93m217[0m:[93m71[0m - [91merror[0m[90m ts(2339): [0mProperty 'status' does not exist on type '{ title: string; path: string; note: string; }'.

[7m217[0m                   class:list={['page-node', page.status && `is-${page.status}`]}
[7m   [0m [91m                                                                      ~~~~~~[0m
[96msrc/pages/site-map.astro[0m:[93m217[0m:[93m50[0m - [91merror[0m[90m ts(2339): [0mProperty 'status' does not exist on type '{ title: string; path: string; note: string; }'.

[7m217[0m                   class:list={['page-node', page.status && `is-${page.status}`]}
[7m   [0m [91m                                                 ~~~~~~[0m

[96msrc/pages/brief/[slug].astro[0m:[93m9[0m:[93m7[0m - [93mwarning[0m[90m ts(6133): [0m'brief' is declared but its value is never read.

[7m9[0m const { brief } = Astro.props;
[7m [0m [93m      ~~~~~~~~~[0m

[96msrc/pages/brief/index.astro[0m:[93m82[0m:[93m11[0m - [93mwarning[0m[90m ts(6133): [0m'forms' is declared but its value is never read.

[7m82[0m     const forms = form.querySelector<HTMLElement>('[data-service-forms]');
[7m  [0m [93m          ~~~~~[0m

[96msrc/pages/case/[slug].astro[0m:[93m18[0m:[93m11[0m - [93mwarning[0m[90m ts(6196): [0m'Props' is declared but never used.

[7m18[0m interface Props {
[7m  [0m [93m          ~~~~~[0m

[96mstudio/sanity.config.ts[0m:[93m3[0m:[93m26[0m - [91merror[0m[90m ts(2307): [0mCannot find module '@sanity/vision' or its corresponding type declarations.

[7m3[0m import {visionTool} from '@sanity/vision'
[7m [0m [91m                         ~~~~~~~~~~~~~~~~[0m

Result (138 files): 
- 8 errors
- 0 warnings
- 38 hints

